[Licensing::Module] Trying to connect to existing licensing client channel...
Built from '6000.0/staging' branch; Version is '6000.0.77f1 (88f89d0d8b31) revision 8976541'; Using compiler version '193933523'; Build Type 'Release'
OS: 'Windows 11  (10.0.26200) Professional' Language: 'pt' Physical Memory: 16315 MB
[Licensing::IpcConnector] Successfully connected to: "LicenseClient-Mathe" at "2026-07-14T22:29:55.1038965Z"
BatchMode: 1, IsHumanControllingUs: 0, StartBugReporterOnCrash: 0, Is64bit: 1
System  architecture: x64
Process architecture: x64
Date: 2026-07-14T22:29:55Z
[Licensing::Client] Handshaking with LicensingClient:
  Version:                 1.17.4+4293ba1
  Session Id:              f9b8334b573d4ac88603c8e115d3359b
  Correlation Id:          9bcdf0f9af59f376a15b28499bc6f26f
  External correlation Id: 768196057794887678
  Machine Id:              CIG9bbgXtP+YsacqL8JoCFrF9kk=
[Licensing::Module] Successfully connected to LicensingClient on channel: "LicenseClient-Mathe" (connect: 0.00s, validation: 0.00s, handshake: 4.18s)
[Licensing::IpcConnector] Successfully connected to: "LicenseClient-Mathe-notifications" at "2026-07-14T22:29:59.2876248Z"
[Licensing::Module] Error: Access token is unavailable; failed to update
[Licensing::Client] Successfully resolved entitlement details
[Licensing::Module] License group:
  Id: 4673433101100-UnityPersXXXX
  Product: Unity Personal
  Type: Assigned
  Expiration: Unlimited
[Licensing::Client] Successfully updated license, isAsync: True, time: 0.00
[Licensing::Client] Successfully resolved entitlement details
[Licensing::Module] Licensing Background thread has ended after 4.20s

COMMAND LINE ARGUMENTS:
C:\Program Files\Unity\Hub\Editor\6000.0.77f1\Editor\Unity.exe
-batchmode
-nographics
-quit
-projectPath
C:\Users\Mathe\Desktop\Hegemonia-Mundial-main\Hegemonia-Mundial-main
-logFile
C:\Users\Mathe\Desktop\Hegemonia-Mundial-main\Hegemonia-Mundial-main\ia01-review-compile.log
Successfully changed project path to: C:\Users\Mathe\Desktop\Hegemonia-Mundial-main\Hegemonia-Mundial-main
C:/Users/Mathe/Desktop/Hegemonia-Mundial-main/Hegemonia-Mundial-main
It looks like another Unity instance is running with this project open.

Multiple Unity instances cannot open the same project.

Project: C:/Users/Mathe/Desktop/Hegemonia-Mundial-main/Hegemonia-Mundial-main
Fatal Error! It looks like another Unity instance is running with this project open.

Multiple Unity instances cannot open the same project.

Project: C:/Users/Mathe/Desktop/Hegemonia-Mundial-main/Hegemonia-Mundial-main
Crash!!!
SymInit: Symbol-SearchPath: 'C:/Program Files/Unity/Hub/Editor/6000.0.77f1/Editor/Data/Mono;.;C:\Users\Mathe\Desktop\Hegemonia-Mundial-main\Hegemonia-Mundial-main;C:\Users\Mathe\Desktop\Hegemonia-Mundial-main\Hegemonia-Mundial-main\Library\BurstCache\JIT;C:\Program Files\Unity\Hub\Editor\6000.0.77f1\Editor;C:\Windows;C:\Windows\system32;', symOptions: 534, UserName: 'Mathe'
OS-Version: 10.0.0
C:\Program Files\Unity\Hub\Editor\6000.0.77f1\Editor\Unity.exe:Unity.exe (00007FF79D050000), size: 299008 (result: 0), SymType: '-deferred-', PDB: '', fileVersion: 6000.0.77.63645
C:\Windows\SYSTEM32\ntdll.dll:ntdll.dll (00007FFB25AC0000), size: 2514944 (result: 0), SymType: '-deferred-', PDB: '', fileVersion: 10.0.26100.8521
C:\Windows\System32\KERNEL32.DLL:KERNEL32.DLL (00007FFB24570000), size: 823296 (result: 0), SymType: '-deferred-', PDB: '', fileVersion: 10.0.26100.8521
C:\Windows\System32\KERNELBASE.dll:KERNELBASE.dll (00007FFB23180000), size: 4169728 (result: 0), SymType: '-deferred-', PDB: '', fileVersion: 10.0.26100.8655
C:\Windows\System32\USER32.dll:USER32.dll (00007FFB238A0000), size: 1863680 (result: 0), SymType: '-deferred-', PDB: '', fileVersion: 10.0.26100.8521
C:\Windows\System32\win32u.dll:win32u.dll (00007FFB22F40000), size: 159744 (result: 0), SymType: '-deferred-', PDB: '', fileVersion: 10.0.26100.8655
C:\Windows\System32\GDI32.dll:GDI32.dll (00007FFB259A0000), size: 176128 (result: 0), SymType: '-deferred-', PDB: '', fileVersion: 10.0.26100.8328
C:\Windows\System32\gdi32full.dll:gdi32full.dll (00007FFB23700000), size: 1224704 (result: 0), SymType: '-deferred-', PDB: '', fileVersion: 10.0.26100.8521
C:\Windows\System32\msvcp_win.dll:msvcp_win.dll (00007FFB22E90000), size: 667648 (result: 0), SymType: '-deferred-', PDB: '', fileVersion: 10.0.26100.8521
C:\Windows\System32\ucrtbase.dll:ucrtbase.dll (00007FFB22F70000), size: 1359872 (result: 0), SymType: '-deferred-', PDB: '', fileVersion: 10.0.26100.8521
C:\Windows\System32\IMM32.DLL:IMM32.DLL (00007FFB23B80000), size: 204800 (result: 0), SymType: '-deferred-', PDB: '', fileVersion: 10.0.26100.8521
C:\Program Files\Unity\Hub\Editor\6000.0.77f1\Editor\Unity.dll:Unity.dll (00007FFA0F2B0000), size: 87773184 (result: 0), SymType: '-deferred-', PDB: '', fileVersion: 6000.0.77.63645
C:\Windows\System32\CRYPT32.dll:CRYPT32.dll (00007FFB23580000), size: 1540096 (result: 0), SymType: '-deferred-', PDB: '', fileVersion: 10.0.26100.8521
C:\Windows\System32\ADVAPI32.dll:ADVAPI32.dll (00007FFB24430000), size: 745472 (result: 0), SymType: '-deferred-', PDB: '', fileVersion: 10.0.26100.8521
C:\Windows\System32\msvcrt.dll:msvcrt.dll (00007FFB258F0000), size: 692224 (result: 0), SymType: '-deferred-', PDB: '', fileVersion: 7.0.26100.8246
C:\Windows\System32\sechost.dll:sechost.dll (00007FFB240A0000), size: 696320 (result: 0), SymType: '-deferred-', PDB: '', fileVersion: 10.0.26100.8521
C:\Windows\System32\RPCRT4.dll:RPCRT4.dll (00007FFB24640000), size: 1146880 (result: 0), SymType: '-deferred-', PDB: '', fileVersion: 10.0.26100.8521
C:\Windows\System32\ole32.dll:ole32.dll (00007FFB24150000), size: 1671168 (result: 0), SymType: '-deferred-', PDB: '', fileVersion: 10.0.26100.8521
C:\Windows\System32\combase.dll:combase.dll (00007FFB23BC0000), size: 3682304 (result: 0), SymType: '-deferred-', PDB: '', fileVersion: 10.0.26100.8521
C:\Windows\System32\SETUPAPI.dll:SETUPAPI.dll (00007FFB248C0000), size: 4747264 (result: 0), SymType: '-deferred-', PDB: '', fileVersion: 10.0.26100.8521
C:\Windows\System32\SHELL32.dll:SHELL32.dll (00007FFB25060000), size: 7880704 (result: 0), SymType: '-deferred-', PDB: '', fileVersion: 10.0.26100.8655
C:\Windows\System32\SHLWAPI.dll:SHLWAPI.dll (00007FFB23830000), size: 421888 (result: 0), SymType: '-deferred-', PDB: '', fileVersion: 10.0.26100.8521
C:\Windows\System32\WS2_32.dll:WS2_32.dll (00007FFB23F50000), size: 524288 (result: 0), SymType: '-deferred-', PDB: '', fileVersion: 10.0.26100.8521
C:\Windows\System32\OLEAUT32.dll:OLEAUT32.dll (00007FFB24D50000), size: 888832 (result: 0), SymType: '-deferred-', PDB: '', fileVersion: 10.0.26100.8655
C:\Windows\System32\WINTRUST.dll:WINTRUST.dll (00007FFB22D50000), size: 536576 (result: 0), SymType: '-deferred-', PDB: '', fileVersion: 10.0.26100.8521
C:\Program Files\Unity\Hub\Editor\6000.0.77f1\Editor\s3tcompress.dll:s3tcompress.dll (00007FFB18750000), size: 180224 (result: 0), SymType: '-deferred-', PDB: ''
C:\Program Files\Unity\Hub\Editor\6000.0.77f1\Editor\etccompress.dll:etccompress.dll (00007FFAD7990000), size: 5070848 (result: 0), SymType: '-deferred-', PDB: ''
C:\Program Files\Unity\Hub\Editor\6000.0.77f1\Editor\ispc_texcomp.dll:ispc_texcomp.dll (00007FFADAD20000), size: 1826816 (result: 0), SymType: '-deferred-', PDB: ''
C:\Program Files\Unity\Hub\Editor\6000.0.77f1\Editor\compress_bc7e.dll:compress_bc7e.dll (00007FFADC1F0000), size: 1433600 (result: 0), SymType: '-deferred-', PDB: ''
C:\Program Files\Unity\Hub\Editor\6000.0.77f1\Editor\WinPixEventRuntime.dll:WinPixEventRuntime.dll (00007FFB183B0000), size: 57344 (result: 0), SymType: '-deferred-', PDB: '', fileVersion: 1.0.2403.8001
C:\Windows\SYSTEM32\bcrypt.dll:bcrypt.dll (00007FFB22C70000), size: 172032 (result: 0), SymType: '-deferred-', PDB: '', fileVersion: 10.0.26100.8521
C:\Windows\SYSTEM32\d3d11.dll:d3d11.dll (00007FFB1F0C0000), size: 2494464 (result: 0), SymType: '-deferred-', PDB: '', fileVersion: 10.0.26100.8521
C:\Windows\SYSTEM32\d3d12.dll:d3d12.dll (00007FFADD730000), size: 151552 (result: 0), SymType: '-deferred-', PDB: '', fileVersion: 10.0.26100.8521
C:\Windows\SYSTEM32\dwmapi.dll:dwmapi.dll (00007FFB203A0000), size: 192512 (result: 0), SymType: '-deferred-', PDB: '', fileVersion: 10.0.26100.8521
C:\Program Files\Unity\Hub\Editor\6000.0.77f1\Editor\umbraoptimizer64.dll:umbraoptimizer64.dll (00007FFAD8620000), size: 1187840 (result: 0), SymType: '-deferred-', PDB: ''
C:\Windows\SYSTEM32\dxgi.dll:dxgi.dll (00007FFB20140000), size: 1286144 (result: 0), SymType: '-deferred-', PDB: '', fileVersion: 10.0.26100.8521
C:\Windows\SYSTEM32\HID.DLL:HID.DLL (00007FFB211E0000), size: 61440 (result: 0), SymType: '-deferred-', PDB: '', fileVersion: 10.0.26100.1150
C:\Windows\SYSTEM32\IPHLPAPI.DLL:IPHLPAPI.DLL (00007FFB214E0000), size: 208896 (result: 0), SymType: '-deferred-', PDB: '', fileVersion: 10.0.26100.8655
C:\Windows\SYSTEM32\OPENGL32.dll:OPENGL32.dll (00007FFADD800000), size: 1097728 (result: 0), SymType: '-deferred-', PDB: '', fileVersion: 10.0.26100.8521
C:\Windows\SYSTEM32\WINHTTP.dll:WINHTTP.dll (00007FFB1B4A0000), size: 1216512 (result: 0), SymType: '-deferred-', PDB: '', fileVersion: 10.0.26100.8521
C:\Windows\SYSTEM32\WINMM.dll:WINMM.dll (00007FFB18160000), size: 221184 (result: 0), SymType: '-deferred-', PDB: '', fileVersion: 10.0.26100.8521
C:\Windows\SYSTEM32\GLU32.dll:GLU32.dll (00007FFADD160000), size: 184320 (result: 0), SymType: '-deferred-', PDB: '', fileVersion: 10.0.26100.1150
C:\Program Files\Unity\Hub\Editor\6000.0.77f1\Editor\FreeImage.dll:FreeImage.dll (0000000180000000), size: 5332992 (result: 0), SymType: '-deferred-', PDB: '', fileVersion: 3.18.0.0
C:\Program Files\Unity\Hub\Editor\6000.0.77f1\Editor\libfbxsdk.dll:libfbxsdk.dll (00007FFAD6AA0000), size: 8019968 (result: 0), SymType: '-deferred-', PDB: '', fileVersion: 2020.3.7.0
C:\Windows\SYSTEM32\VERSION.dll:VERSION.dll (00007FFB1BAC0000), size: 45056 (result: 0), SymType: '-deferred-', PDB: '', fileVersion: 10.0.26100.1150
C:\Windows\SYSTEM32\WSOCK32.dll:WSOCK32.dll (00007FFB1B610000), size: 40960 (result: 0), SymType: '-deferred-', PDB: '', fileVersion: 10.0.26100.1
C:\Windows\SYSTEM32\MSVCP140.dll:MSVCP140.dll (00007FFB09CC0000), size: 643072 (result: 0), SymType: '-deferred-', PDB: '', fileVersion: 14.51.36247.0
C:\Windows\SYSTEM32\VCRUNTIME140_1.dll:VCRUNTIME140_1.dll (00007FFB0A410000), size: 49152 (result: 0), SymType: '-deferred-', PDB: '', fileVersion: 14.51.36247.0
C:\Windows\SYSTEM32\VCRUNTIME140.dll:VCRUNTIME140.dll (00007FFB09D60000), size: 180224 (result: 0), SymType: '-deferred-', PDB: '', fileVersion: 14.51.36247.0
C:\Program Files\Unity\Hub\Editor\6000.0.77f1\Editor\SketchUpAPI.dll:SketchUpAPI.dll (00007FFAD6200000), size: 8990720 (result: 0), SymType: '-deferred-', PDB: '', fileVersion: 23.0.0.0
C:\Windows\SYSTEM32\powrprof.dll:powrprof.dll (00007FFB22BB0000), size: 385024 (result: 0), SymType: '-deferred-', PDB: '', fileVersion: 10.0.26100.3912
C:\Windows\SYSTEM32\Secur32.dll:Secur32.dll (00007FFB1FD80000), size: 53248 (result: 0), SymType: '-deferred-', PDB: '', fileVersion: 10.0.26100.7705
C:\Windows\SYSTEM32\dxcore.dll:dxcore.dll (00007FFB200F0000), size: 278528 (result: 0), SymType: '-deferred-', PDB: '', fileVersion: 10.0.26100.8521
C:\Program Files\Unity\Hub\Editor\6000.0.77f1\Editor\NativeProxyHelper.dll:NativeProxyHelper.dll (00007FFAD77D0000), size: 1789952 (result: 0), SymType: '-deferred-', PDB: ''
C:\Program Files\Unity\Hub\Editor\6000.0.77f1\Editor\SketchUpCommonPreferences.dll:SketchUpCommonPreferences.dll (00007FFAE7980000), size: 499712 (result: 0), SymType: '-deferred-', PDB: '', fileVersion: 23.0.0.0
C:\Windows\SYSTEM32\SSPICLI.DLL:SSPICLI.DLL (00007FFB21D80000), size: 299008 (result: 0), SymType: '-deferred-', PDB: '', fileVersion: 10.0.26100.8521
C:\Program Files\Unity\Hub\Editor\6000.0.77f1\Editor\OpenRL.dll:OpenRL.dll (00000292C9F80000), size: 12779520 (result: 0), SymType: '-deferred-', PDB: '', fileVersion: 1.5.0.2907
C:\Windows\SYSTEM32\MSVCP100.dll:MSVCP100.dll (0000000061DB0000), size: 622592 (result: 0), SymType: '-deferred-', PDB: '', fileVersion: 10.0.40219.325
C:\Windows\SYSTEM32\MSVCR100.dll:MSVCR100.dll (0000000061E50000), size: 860160 (result: 0), SymType: '-deferred-', PDB: '', fileVersion: 10.0.40219.325
C:\Windows\SYSTEM32\cfgmgr32.DLL:cfgmgr32.DLL (00007FFB228C0000), size: 331776 (result: 0), SymType: '-deferred-', PDB: '', fileVersion: 10.0.26100.8115
C:\Windows\SYSTEM32\MSWSOCK.DLL:MSWSOCK.DLL (00007FFB22050000), size: 442368 (result: 0), SymType: '-deferred-', PDB: '', fileVersion: 10.0.26100.8521
C:\Program Files\Unity\Hub\Editor\6000.0.77f1\Editor\embree.dll:embree.dll (00007FFAD3DF0000), size: 16711680 (result: 0), SymType: '-deferred-', PDB: '', fileVersion: 2.14.0.0
C:\Program Files\Unity\Hub\Editor\6000.0.77f1\Editor\tbb.dll:tbb.dll (00007FFAE7F50000), size: 303104 (result: 0), SymType: '-deferred-', PDB: '', fileVersion: 2020.3.2022.1111
C:\Program Files\Unity\Hub\Editor\6000.0.77f1\Editor\OpenRL_pthread.dll:OpenRL_pthread.dll (00000292C88E0000), size: 61440 (result: 0), SymType: '-deferred-', PDB: '', fileVersion: 2.9.0.0
C:\Windows\SYSTEM32\UMPDC.dll:UMPDC.dll (00007FFB22B90000), size: 81920 (result: 0), SymType: '-deferred-', PDB: '', fileVersion: 10.0.26100.8115
C:\Windows\SYSTEM32\MSASN1.dll:MSASN1.dll (00007FFB223A0000), size: 77824 (result: 0), SymType: '-deferred-', PDB: '', fileVersion: 10.0.26100.8246
C:\Windows\System32\bcryptprimitives.dll:bcryptprimitives.dll (00007FFB22DE0000), size: 688128 (result: 0), SymType: '-deferred-', PDB: '', fileVersion: 10.0.26100.8328
C:\Windows\system32\apphelp.dll:apphelp.dll (00007FFB1FD90000), size: 655360 (result: 0), SymType: '-deferred-', PDB: '', fileVersion: 10.0.26100.8521
C:\Windows\SYSTEM32\kernel.appcore.dll:kernel.appcore.dll (00007FFB21AE0000), size: 110592 (result: 0), SymType: '-deferred-', PDB: '', fileVersion: 10.0.26100.8521
C:\Windows\system32\uxtheme.dll:uxtheme.dll (00007FFB1FFF0000), size: 696320 (result: 0), SymType: '-deferred-', PDB: '', fileVersion: 10.0.26100.8521
C:\Windows\SYSTEM32\windows.storage.dll:windows.storage.dll (00007FFB20950000), size: 8912896 (result: 0), SymType: '-deferred-', PDB: '', fileVersion: 10.0.26100.8655
C:\Windows\System32\SHCORE.dll:SHCORE.dll (00007FFB23A70000), size: 1007616 (result: 0), SymType: '-deferred-', PDB: '', fileVersion: 10.0.26100.8655
C:\Windows\SYSTEM32\profapi.dll:profapi.dll (00007FFB22C40000), size: 167936 (result: 0), SymType: '-deferred-', PDB: '', fileVersion: 10.0.26100.8521
C:\Windows\SYSTEM32\CRYPTSP.dll:CRYPTSP.dll (00007FFB22330000), size: 110592 (result: 0), SymType: '-deferred-', PDB: '', fileVersion: 10.0.26100.8521
C:\Windows\system32\IconCodecService.dll:IconCodecService.dll (00007FFAFA800000), size: 45056 (result: 0), SymType: '-deferred-', PDB: '', fileVersion: 10.0.26100.1
C:\Windows\system32\rsaenh.dll:rsaenh.dll (00007FFB21A40000), size: 233472 (result: 0), SymType: '-deferred-', PDB: '', fileVersion: 10.0.26100.7705
C:\Windows\SYSTEM32\WindowsCodecs.dll:WindowsCodecs.dll (00007FFB1E520000), size: 2277376 (result: 0), SymType: '-deferred-', PDB: '', fileVersion: 10.0.26100.8655
C:\Windows\SYSTEM32\CRYPTBASE.dll:CRYPTBASE.dll (00007FFB22350000), size: 49152 (result: 0), SymType: '-deferred-', PDB: '', fileVersion: 10.0.26100.8246
C:\Windows\System32\clbcatq.dll:clbcatq.dll (00007FFB23FE0000), size: 712704 (result: 0), SymType: '-deferred-', PDB: '', fileVersion: 2001.12.10941.16384
C:\Windows\System32\netprofm.dll:netprofm.dll (00007FFB1D900000), size: 450560 (result: 0), SymType: '-deferred-', PDB: '', fileVersion: 10.0.26100.8521
C:\Windows\System32\imagehlp.dll:imagehlp.dll (00007FFB243E0000), size: 131072 (result: 0), SymType: '-deferred-', PDB: '', fileVersion: 10.0.26100.4202
C:\Windows\System32\npmproxy.dll:npmproxy.dll (00007FFB19C10000), size: 102400 (result: 0), SymType: '-deferred-', PDB: '', fileVersion: 10.0.26100.8328
C:\Windows\SYSTEM32\gpapi.dll:gpapi.dll (00007FFB220C0000), size: 192512 (result: 0), SymType: '-deferred-', PDB: '', fileVersion: 10.0.26100.8521
C:\Windows\System32\cryptnet.dll:cryptnet.dll (00007FFB08310000), size: 241664 (result: 0), SymType: '-deferred-', PDB: '', fileVersion: 10.0.26100.8521
C:\Windows\SYSTEM32\WINNSI.DLL:WINNSI.DLL (00007FFB1FF80000), size: 57344 (result: 0), SymType: '-deferred-', PDB: '', fileVersion: 10.0.26100.8246
C:\Windows\System32\NSI.dll:NSI.dll (00007FFB25A70000), size: 40960 (result: 0), SymType: '-deferred-', PDB: '', fileVersion: 10.0.26100.8246
C:\Windows\SYSTEM32\dbghelp.dll:dbghelp.dll (00007FFB1A100000), size: 2367488 (result: 0), SymType: '-deferred-', PDB: '', fileVersion: 10.0.26100.8328

========== OUTPUTTING STACK TRACE ==================

0x00007FFB23241B6A (KERNELBASE) RaiseException
0x00007FFA10EA1355 (Unity) EditorMonoConsole::LogToConsoleImplementation
0x00007FFA10EA201A (Unity) EditorMonoConsole::LogToConsoleImplementation
0x00007FFA11B3BD8D (Unity) DebugStringToFilePostprocessedStacktrace
0x00007FFA11B3B128 (Unity) DebugStringToFile
0x00007FFA10F9F236 (Unity) HandleProjectAlreadyOpenInAnotherInstance
0x00007FFA10FA1048 (Unity) Application::InitializeProject
0x00007FFA11595203 (Unity) UnityMain
0x00007FF79D052FBA (Unity) __scrt_common_main_seh
0x00007FFB2459E957 (KERNEL32) BaseThreadInitThunk
0x00007FFB25B47C1C (ntdll) RtlUserThreadStart

========== END OF STACKTRACE ===========

A crash has been intercepted by the crash handler. For call stack and other details, see the latest crash report generated in:
 * C:/Users/Mathe/AppData/Local/Temp/Unity/Editor/Crashes
