[Licensing::Module] Trying to connect to existing licensing client channel...
Built from '6000.0/staging' branch; Version is '6000.0.77f1 (88f89d0d8b31) revision 8976541'; Using compiler version '193933523'; Build Type 'Release'
OS: 'Windows 11  (10.0.26200) Professional' Language: 'pt' Physical Memory: 16315 MB
[Licensing::IpcConnector] Successfully connected to: "LicenseClient-Mathe" at "2026-07-16T22:52:52.9530361Z"
BatchMode: 1, IsHumanControllingUs: 0, StartBugReporterOnCrash: 0, Is64bit: 1
System  architecture: x64
Process architecture: x64
Date: 2026-07-16T22:52:52Z

COMMAND LINE ARGUMENTS:
C:\Program Files\Unity\Hub\Editor\6000.0.77f1\Editor\Unity.exe
-batchmode
-quit
-nographics
-projectPath
C:\Users\Mathe\Desktop\Hegemonia-Mundial-main\Hegemonia-Mundial-main
-logFile
C:\Users\Mathe\Desktop\Hegemonia-Mundial-main\Hegemonia-Mundial-main\ia01-buildplan-compile.log
Successfully changed project path to: C:\Users\Mathe\Desktop\Hegemonia-Mundial-main\Hegemonia-Mundial-main
C:/Users/Mathe/Desktop/Hegemonia-Mundial-main/Hegemonia-Mundial-main
It looks like another Unity instance is running with this project open.

Multiple Unity instances cannot open the same project.

Project: C:/Users/Mathe/Desktop/Hegemonia-Mundial-main/Hegemonia-Mundial-main
Fatal Error! It looks like another Unity instance is running with this project open.

Multiple Unity instances cannot open the same project.

Project: C:/Users/Mathe/Desktop/Hegemonia-Mundial-main/Hegemonia-Mundial-main
Crash!!!
SymInit: Symbol-SearchPath: 'C:/Program Files/Unity/Hub/Editor/6000.0.77f1/Editor/Data/Mono;.;C:\Users\Mathe\Desktop\Hegemonia-Mundial-main\Hegemonia-Mundial-main;C:\Users\Mathe\Desktop\Hegemonia-Mundial-main\Hegemonia-Mundial-main\Library\BurstCache\JIT;C:\Program Files\Unity\Hub\Editor\6000.0.77f1\Editor;C:\Windows;C:\Windows\system32;', symOptions: 534, UserName: 'Mathe'
OS-Version: 10.0.0
C:\Program Files\Unity\Hub\Editor\6000.0.77f1\Editor\Unity.exe:Unity.exe (00007FF749F10000), size: 299008 (result: 0), SymType: '-deferred-', PDB: '', fileVersion: 6000.0.77.63645
C:\Windows\SYSTEM32\ntdll.dll:ntdll.dll (00007FFAD6740000), size: 2514944 (result: 0), SymType: '-deferred-', PDB: '', fileVersion: 10.0.26100.8875
C:\Windows\System32\KERNEL32.DLL:KERNEL32.DLL (00007FFAD56C0000), size: 823296 (result: 0), SymType: '-deferred-', PDB: '', fileVersion: 10.0.26100.8875
C:\Windows\System32\KERNELBASE.dll:KERNELBASE.dll (00007FFAD3D40000), size: 4186112 (result: 0), SymType: '-deferred-', PDB: '', fileVersion: 10.0.26100.8875
C:\Windows\System32\USER32.dll:USER32.dll (00007FFAD44D0000), size: 1863680 (result: 0), SymType: '-deferred-', PDB: '', fileVersion: 10.0.26100.8875
C:\Windows\System32\win32u.dll:win32u.dll (00007FFAD4440000), size: 159744 (result: 0), SymType: '-deferred-', PDB: '', fileVersion: 10.0.26100.8875
C:\Windows\System32\GDI32.dll:GDI32.dll (00007FFAD5970000), size: 176128 (result: 0), SymType: '-deferred-', PDB: '', fileVersion: 10.0.26100.8328
C:\Windows\System32\gdi32full.dll:gdi32full.dll (00007FFAD39F0000), size: 1220608 (result: 0), SymType: '-deferred-', PDB: '', fileVersion: 10.0.26100.8875
C:\Windows\System32\msvcp_win.dll:msvcp_win.dll (00007FFAD4210000), size: 667648 (result: 0), SymType: '-deferred-', PDB: '', fileVersion: 10.0.26100.8875
C:\Windows\System32\ucrtbase.dll:ucrtbase.dll (00007FFAD3BE0000), size: 1359872 (result: 0), SymType: '-deferred-', PDB: '', fileVersion: 10.0.26100.8875
C:\Windows\System32\IMM32.DLL:IMM32.DLL (00007FFAD6170000), size: 204800 (result: 0), SymType: '-deferred-', PDB: '', fileVersion: 10.0.26100.8521
C:\Program Files\Unity\Hub\Editor\6000.0.77f1\Editor\Unity.dll:Unity.dll (00007FF9D2AC0000), size: 87773184 (result: 0), SymType: '-deferred-', PDB: '', fileVersion: 6000.0.77.63645
C:\Windows\System32\CRYPT32.dll:CRYPT32.dll (00007FFAD42C0000), size: 1540096 (result: 0), SymType: '-deferred-', PDB: '', fileVersion: 10.0.26100.8875
C:\Windows\System32\ADVAPI32.dll:ADVAPI32.dll (00007FFAD6640000), size: 749568 (result: 0), SymType: '-deferred-', PDB: '', fileVersion: 10.0.26100.8875
C:\Windows\System32\msvcrt.dll:msvcrt.dll (00007FFAD5100000), size: 692224 (result: 0), SymType: '-deferred-', PDB: '', fileVersion: 7.0.26100.8875
C:\Windows\System32\sechost.dll:sechost.dll (00007FFAD5CA0000), size: 696320 (result: 0), SymType: '-deferred-', PDB: '', fileVersion: 10.0.26100.8875
C:\Windows\System32\RPCRT4.dll:RPCRT4.dll (00007FFAD5850000), size: 1146880 (result: 0), SymType: '-deferred-', PDB: '', fileVersion: 10.0.26100.8875
C:\Windows\System32\ole32.dll:ole32.dll (00007FFAD5D50000), size: 1675264 (result: 0), SymType: '-deferred-', PDB: '', fileVersion: 10.0.26100.8875
C:\Windows\System32\combase.dll:combase.dll (00007FFAD5320000), size: 3682304 (result: 0), SymType: '-deferred-', PDB: '', fileVersion: 10.0.26100.8875
C:\Windows\System32\SETUPAPI.dll:SETUPAPI.dll (00007FFAD61B0000), size: 4747264 (result: 0), SymType: '-deferred-', PDB: '', fileVersion: 10.0.26100.8737
C:\Windows\System32\SHELL32.dll:SHELL32.dll (00007FFAD46A0000), size: 7938048 (result: 0), SymType: '-deferred-', PDB: '', fileVersion: 10.0.26100.8875
C:\Windows\System32\SHLWAPI.dll:SHLWAPI.dll (00007FFAD5050000), size: 421888 (result: 0), SymType: '-deferred-', PDB: '', fileVersion: 10.0.26100.8737
C:\Windows\System32\WS2_32.dll:WS2_32.dll (00007FFAD4EC0000), size: 524288 (result: 0), SymType: '-deferred-', PDB: '', fileVersion: 10.0.26100.8875
C:\Windows\System32\OLEAUT32.dll:OLEAUT32.dll (00007FFAD51B0000), size: 888832 (result: 0), SymType: '-deferred-', PDB: '', fileVersion: 10.0.26100.8875
C:\Windows\System32\WINTRUST.dll:WINTRUST.dll (00007FFAD3960000), size: 536576 (result: 0), SymType: '-deferred-', PDB: '', fileVersion: 10.0.26100.8875
C:\Program Files\Unity\Hub\Editor\6000.0.77f1\Editor\s3tcompress.dll:s3tcompress.dll (00007FFABED60000), size: 180224 (result: 0), SymType: '-deferred-', PDB: ''
C:\Program Files\Unity\Hub\Editor\6000.0.77f1\Editor\etccompress.dll:etccompress.dll (00007FF9D25E0000), size: 5070848 (result: 0), SymType: '-deferred-', PDB: ''
C:\Program Files\Unity\Hub\Editor\6000.0.77f1\Editor\ispc_texcomp.dll:ispc_texcomp.dll (00007FFA0E6D0000), size: 1826816 (result: 0), SymType: '-deferred-', PDB: ''
C:\Program Files\Unity\Hub\Editor\6000.0.77f1\Editor\compress_bc7e.dll:compress_bc7e.dll (00007FFA3A090000), size: 1433600 (result: 0), SymType: '-deferred-', PDB: ''
C:\Program Files\Unity\Hub\Editor\6000.0.77f1\Editor\WinPixEventRuntime.dll:WinPixEventRuntime.dll (00007FFAC4340000), size: 57344 (result: 0), SymType: '-deferred-', PDB: '', fileVersion: 1.0.2403.8001
C:\Windows\SYSTEM32\bcrypt.dll:bcrypt.dll (00007FFAD3880000), size: 172032 (result: 0), SymType: '-deferred-', PDB: '', fileVersion: 10.0.26100.8875
C:\Windows\SYSTEM32\d3d11.dll:d3d11.dll (00007FFACEB50000), size: 2490368 (result: 0), SymType: '-deferred-', PDB: '', fileVersion: 10.0.26100.8737
C:\Windows\SYSTEM32\d3d12.dll:d3d12.dll (00007FFA823B0000), size: 143360 (result: 0), SymType: '-deferred-', PDB: '', fileVersion: 10.0.26100.8737
C:\Windows\SYSTEM32\dwmapi.dll:dwmapi.dll (00007FFAD0E40000), size: 192512 (result: 0), SymType: '-deferred-', PDB: '', fileVersion: 10.0.26100.8737
C:\Windows\SYSTEM32\dxgi.dll:dxgi.dll (00007FFAD0BD0000), size: 1302528 (result: 0), SymType: '-deferred-', PDB: '', fileVersion: 10.0.26100.8737
C:\Windows\SYSTEM32\HID.DLL:HID.DLL (00007FFAD1CE0000), size: 61440 (result: 0), SymType: '-deferred-', PDB: '', fileVersion: 10.0.26100.1150
C:\Windows\SYSTEM32\IPHLPAPI.DLL:IPHLPAPI.DLL (00007FFAD2010000), size: 208896 (result: 0), SymType: '-deferred-', PDB: '', fileVersion: 10.0.26100.8875
C:\Windows\SYSTEM32\OPENGL32.dll:OPENGL32.dll (00007FFA808D0000), size: 1097728 (result: 0), SymType: '-deferred-', PDB: '', fileVersion: 10.0.26100.8737
C:\Windows\SYSTEM32\WINHTTP.dll:WINHTTP.dll (00007FFACB130000), size: 1208320 (result: 0), SymType: '-deferred-', PDB: '', fileVersion: 10.0.26100.8875
C:\Windows\SYSTEM32\WINMM.dll:WINMM.dll (00007FFACACB0000), size: 221184 (result: 0), SymType: '-deferred-', PDB: '', fileVersion: 10.0.26100.8737
C:\Windows\SYSTEM32\GLU32.dll:GLU32.dll (00007FFAA3A10000), size: 184320 (result: 0), SymType: '-deferred-', PDB: '', fileVersion: 10.0.26100.1150
C:\Program Files\Unity\Hub\Editor\6000.0.77f1\Editor\umbraoptimizer64.dll:umbraoptimizer64.dll (00007FF9E75F0000), size: 1187840 (result: 0), SymType: '-deferred-', PDB: ''
C:\Program Files\Unity\Hub\Editor\6000.0.77f1\Editor\FreeImage.dll:FreeImage.dll (0000000180000000), size: 5332992 (result: 0), SymType: '-deferred-', PDB: '', fileVersion: 3.18.0.0
C:\Program Files\Unity\Hub\Editor\6000.0.77f1\Editor\SketchUpAPI.dll:SketchUpAPI.dll (00007FF9D1D40000), size: 8990720 (result: 0), SymType: '-deferred-', PDB: '', fileVersion: 23.0.0.0
C:\Windows\SYSTEM32\VERSION.dll:VERSION.dll (00007FFACACF0000), size: 45056 (result: 0), SymType: '-deferred-', PDB: '', fileVersion: 10.0.26100.1150
C:\Windows\SYSTEM32\WSOCK32.dll:WSOCK32.dll (00007FFACCD40000), size: 40960 (result: 0), SymType: '-deferred-', PDB: '', fileVersion: 10.0.26100.1
C:\Windows\SYSTEM32\MSVCP140.dll:MSVCP140.dll (00007FFAAB2B0000), size: 643072 (result: 0), SymType: '-deferred-', PDB: '', fileVersion: 14.51.36247.0
C:\Windows\SYSTEM32\VCRUNTIME140_1.dll:VCRUNTIME140_1.dll (00007FFAA5E00000), size: 49152 (result: 0), SymType: '-deferred-', PDB: '', fileVersion: 14.51.36247.0
C:\Windows\SYSTEM32\VCRUNTIME140.dll:VCRUNTIME140.dll (00007FFAAB350000), size: 180224 (result: 0), SymType: '-deferred-', PDB: '', fileVersion: 14.51.36247.0
C:\Windows\SYSTEM32\powrprof.dll:powrprof.dll (00007FFAD3600000), size: 385024 (result: 0), SymType: '-deferred-', PDB: '', fileVersion: 10.0.26100.3912
C:\Program Files\Unity\Hub\Editor\6000.0.77f1\Editor\SketchUpCommonPreferences.dll:SketchUpCommonPreferences.dll (00007FFAB0620000), size: 499712 (result: 0), SymType: '-deferred-', PDB: '', fileVersion: 23.0.0.0
C:\Windows\SYSTEM32\Secur32.dll:Secur32.dll (00007FFAD09E0000), size: 53248 (result: 0), SymType: '-deferred-', PDB: '', fileVersion: 10.0.26100.7705
C:\Windows\SYSTEM32\dxcore.dll:dxcore.dll (00007FFAD0B80000), size: 286720 (result: 0), SymType: '-deferred-', PDB: '', fileVersion: 10.0.26100.8737
C:\Windows\SYSTEM32\SSPICLI.DLL:SSPICLI.DLL (00007FFAD28F0000), size: 299008 (result: 0), SymType: '-deferred-', PDB: '', fileVersion: 10.0.26100.8737
C:\Program Files\Unity\Hub\Editor\6000.0.77f1\Editor\libfbxsdk.dll:libfbxsdk.dll (00007FF9D1590000), size: 8019968 (result: 0), SymType: '-deferred-', PDB: '', fileVersion: 2020.3.7.0
C:\Program Files\Unity\Hub\Editor\6000.0.77f1\Editor\NativeProxyHelper.dll:NativeProxyHelper.dll (00007FF9E3420000), size: 1789952 (result: 0), SymType: '-deferred-', PDB: ''
C:\Program Files\Unity\Hub\Editor\6000.0.77f1\Editor\OpenRL.dll:OpenRL.dll (000002E1E38B0000), size: 12779520 (result: 0), SymType: '-deferred-', PDB: '', fileVersion: 1.5.0.2907
C:\Windows\SYSTEM32\cfgmgr32.DLL:cfgmgr32.DLL (00007FFAD3530000), size: 331776 (result: 0), SymType: '-deferred-', PDB: '', fileVersion: 10.0.26100.8115
C:\Windows\SYSTEM32\MSVCP100.dll:MSVCP100.dll (000000005CAD0000), size: 622592 (result: 0), SymType: '-deferred-', PDB: '', fileVersion: 10.0.40219.325
C:\Windows\SYSTEM32\MSVCR100.dll:MSVCR100.dll (000000005CB70000), size: 860160 (result: 0), SymType: '-deferred-', PDB: '', fileVersion: 10.0.40219.325
C:\Windows\SYSTEM32\MSWSOCK.DLL:MSWSOCK.DLL (00007FFAD2BF0000), size: 442368 (result: 0), SymType: '-deferred-', PDB: '', fileVersion: 10.0.26100.8737
C:\Program Files\Unity\Hub\Editor\6000.0.77f1\Editor\embree.dll:embree.dll (00007FF9D05A0000), size: 16711680 (result: 0), SymType: '-deferred-', PDB: '', fileVersion: 2.14.0.0
C:\Program Files\Unity\Hub\Editor\6000.0.77f1\Editor\tbb.dll:tbb.dll (00007FFABB290000), size: 303104 (result: 0), SymType: '-deferred-', PDB: '', fileVersion: 2020.3.2022.1111
C:\Program Files\Unity\Hub\Editor\6000.0.77f1\Editor\OpenRL_pthread.dll:OpenRL_pthread.dll (000002E1E2270000), size: 61440 (result: 0), SymType: '-deferred-', PDB: '', fileVersion: 2.9.0.0
C:\Windows\SYSTEM32\UMPDC.dll:UMPDC.dll (00007FFAD35E0000), size: 81920 (result: 0), SymType: '-deferred-', PDB: '', fileVersion: 10.0.26100.8115
C:\Windows\SYSTEM32\MSASN1.dll:MSASN1.dll (00007FFAD2F70000), size: 77824 (result: 0), SymType: '-deferred-', PDB: '', fileVersion: 10.0.26100.8875
C:\Windows\System32\bcryptprimitives.dll:bcryptprimitives.dll (00007FFAD3B20000), size: 704512 (result: 0), SymType: '-deferred-', PDB: '', fileVersion: 10.0.26100.8875
C:\Windows\SYSTEM32\kernel.appcore.dll:kernel.appcore.dll (00007FFAD2640000), size: 110592 (result: 0), SymType: '-deferred-', PDB: '', fileVersion: 10.0.26100.8737
C:\Windows\system32\uxtheme.dll:uxtheme.dll (00007FFAD0AA0000), size: 692224 (result: 0), SymType: '-deferred-', PDB: '', fileVersion: 10.0.26100.8875
C:\Windows\SYSTEM32\windows.storage.dll:windows.storage.dll (00007FFAD1440000), size: 8986624 (result: 0), SymType: '-deferred-', PDB: '', fileVersion: 10.0.26100.8875
C:\Windows\System32\SHCORE.dll:SHCORE.dll (00007FFAD5BA0000), size: 1011712 (result: 0), SymType: '-deferred-', PDB: '', fileVersion: 10.0.26100.8875
C:\Windows\SYSTEM32\profapi.dll:profapi.dll (00007FFAD3850000), size: 167936 (result: 0), SymType: '-deferred-', PDB: '', fileVersion: 10.0.26100.8737
C:\Windows\SYSTEM32\CRYPTSP.dll:CRYPTSP.dll (00007FFAD2F10000), size: 110592 (result: 0), SymType: '-deferred-', PDB: '', fileVersion: 10.0.26100.8875
C:\Windows\system32\IconCodecService.dll:IconCodecService.dll (00007FFAA0B30000), size: 45056 (result: 0), SymType: '-deferred-', PDB: '', fileVersion: 10.0.26100.1
C:\Windows\system32\rsaenh.dll:rsaenh.dll (00007FFAD25A0000), size: 233472 (result: 0), SymType: '-deferred-', PDB: '', fileVersion: 10.0.26100.7705
C:\Windows\SYSTEM32\WindowsCodecs.dll:WindowsCodecs.dll (00007FFACF110000), size: 2281472 (result: 0), SymType: '-deferred-', PDB: '', fileVersion: 10.0.26100.8875
C:\Windows\SYSTEM32\CRYPTBASE.dll:CRYPTBASE.dll (00007FFAD2EF0000), size: 49152 (result: 0), SymType: '-deferred-', PDB: '', fileVersion: 10.0.26100.8875
C:\Windows\System32\clbcatq.dll:clbcatq.dll (00007FFAD5790000), size: 712704 (result: 0), SymType: '-deferred-', PDB: '', fileVersion: 2001.12.10941.16384
C:\Windows\System32\netprofm.dll:netprofm.dll (00007FFACDE50000), size: 450560 (result: 0), SymType: '-deferred-', PDB: '', fileVersion: 10.0.26100.8737
C:\Windows\System32\imagehlp.dll:imagehlp.dll (00007FFAD50C0000), size: 131072 (result: 0), SymType: '-deferred-', PDB: '', fileVersion: 10.0.26100.4202
C:\Windows\System32\npmproxy.dll:npmproxy.dll (00007FFAC8490000), size: 102400 (result: 0), SymType: '-deferred-', PDB: '', fileVersion: 10.0.26100.8328
C:\Windows\SYSTEM32\gpapi.dll:gpapi.dll (00007FFAD2C70000), size: 192512 (result: 0), SymType: '-deferred-', PDB: '', fileVersion: 10.0.26100.8875
C:\Windows\System32\cryptnet.dll:cryptnet.dll (00007FFABD0D0000), size: 241664 (result: 0), SymType: '-deferred-', PDB: '', fileVersion: 10.0.26100.8737
C:\Windows\SYSTEM32\WINNSI.DLL:WINNSI.DLL (00007FFAD07F0000), size: 57344 (result: 0), SymType: '-deferred-', PDB: '', fileVersion: 10.0.26100.8875
C:\Windows\System32\NSI.dll:NSI.dll (00007FFAD50F0000), size: 40960 (result: 0), SymType: '-deferred-', PDB: '', fileVersion: 10.0.26100.8875
C:\Windows\SYSTEM32\dbghelp.dll:dbghelp.dll (00007FFACB650000), size: 2367488 (result: 0), SymType: '-deferred-', PDB: '', fileVersion: 10.0.26100.8328

========== OUTPUTTING STACK TRACE ==================

[Licensing::Client] Handshaking with LicensingClient:
  Version:                 1.17.4+4293ba1
  Session Id:              b6a8e666c78d46928fc516058f82c77b
  Correlation Id:          0258afc18e8b6343497cdf3ddff90905
  External correlation Id: 6973021199395388047
  Machine Id:              CIG9bbgXtP+YsacqL8JoCFrF9kk=
[Licensing::Module] Successfully connected to LicensingClient on channel: "LicenseClient-Mathe" (connect: 0.01s, validation: 0.05s, handshake: 4.69s)
[Licensing::IpcConnector] Successfully connected to: "LicenseClient-Mathe-notifications" at "2026-07-16T22:52:57.7037486Z"
[Licensing::Module] Error: Access token is unavailable; failed to update
0x00007FFAD3E01ADA (KERNELBASE) RaiseException
[Licensing::Client] Successfully resolved entitlement details
[Licensing::Module] License group:
  Id: 4673433101100-UnityPersXXXX
  Product: Unity Personal
  Type: Assigned
  Expiration: Unlimited
[Licensing::Client] Successfully updated license, isAsync: True, time: 0.01
[Licensing::Client] Successfully resolved entitlement details
[Licensing::Module] Licensing Background thread has ended after 4.84s
0x00007FF9D46B1355 (Unity) EditorMonoConsole::LogToConsoleImplementation
0x00007FF9D46B201A (Unity) EditorMonoConsole::LogToConsoleImplementation
0x00007FF9D534BD8D (Unity) DebugStringToFilePostprocessedStacktrace
0x00007FF9D534B128 (Unity) DebugStringToFile
0x00007FF9D47AF236 (Unity) HandleProjectAlreadyOpenInAnotherInstance
0x00007FF9D47B1048 (Unity) Application::InitializeProject
0x00007FF9D4DA5203 (Unity) UnityMain
0x00007FF749F12FBA (Unity) __scrt_common_main_seh
0x00007FFAD56EE957 (KERNEL32) BaseThreadInitThunk
0x00007FFAD67EAD6C (ntdll) RtlUserThreadStart

========== END OF STACKTRACE ===========

A crash has been intercepted by the crash handler. For call stack and other details, see the latest crash report generated in:
 * C:/Users/Mathe/AppData/Local/Temp/Unity/Editor/Crashes
