[Licensing::Module] Trying to connect to existing licensing client channel...
Built from '6000.2/staging' branch; Version is '6000.2.15f1 (0707b6d1e918) revision 460726'; Using compiler version '194234433'; Build Type 'Release'
OS: 'Windows 11  (10.0.26200) 64bit Professional' Language: 'pt' Physical Memory: 16315 MB
[Licensing::IpcConnector] Successfully connected to: "LicenseClient-Mathe" at "2026-07-15T22:51:04.3412137Z"
BatchMode: 1, IsHumanControllingUs: 0, StartBugReporterOnCrash: 0, Is64bit: 1
Date: 2026-07-15T22:51:04Z

COMMAND LINE ARGUMENTS:
C:\Program Files\Unity\Hub\Editor\6000.2.15f1\Editor\Unity.exe
-batchmode
-nographics
-accept-apiupdate
-projectPath
C:\Users\Mathe\Desktop\Hegemonia-Mundial-main\Hegemonia-Mundial-main
-executeMethod
Hegemonia.EditorTools.IA01PlayModeTestRunner.Run
-logFile
C:\Users\Mathe\Desktop\Hegemonia-Mundial-main\Hegemonia-Mundial-main\Unity_PlayMode_exec2.log
Successfully changed project path to: C:\Users\Mathe\Desktop\Hegemonia-Mundial-main\Hegemonia-Mundial-main
C:/Users/Mathe/Desktop/Hegemonia-Mundial-main/Hegemonia-Mundial-main
[UnityMemory] Configuration Parameters - Can be set up in boot.config
    "memorysetup-allocator-temp-initial-block-size-main=262144"
    "memorysetup-allocator-temp-initial-block-size-worker=262144"
    "memorysetup-bucket-allocator-granularity=16"
    "memorysetup-bucket-allocator-bucket-count=8"
    "memorysetup-bucket-allocator-block-size=33554432"
    "memorysetup-bucket-allocator-block-count=8"
    "memorysetup-main-allocator-block-size=16777216"
    "memorysetup-thread-allocator-block-size=16777216"
    "memorysetup-gfx-main-allocator-block-size=16777216"
    "memorysetup-gfx-thread-allocator-block-size=16777216"
    "memorysetup-cache-allocator-block-size=4194304"
    "memorysetup-typetree-allocator-block-size=2097152"
    "memorysetup-profiler-bucket-allocator-granularity=16"
    "memorysetup-profiler-bucket-allocator-bucket-count=8"
    "memorysetup-profiler-bucket-allocator-block-size=33554432"
    "memorysetup-profiler-bucket-allocator-block-count=8"
    "memorysetup-profiler-allocator-block-size=16777216"
    "memorysetup-profiler-editor-allocator-block-size=1048576"
    "memorysetup-temp-allocator-size-main=16777216"
    "memorysetup-job-temp-allocator-block-size=2097152"
    "memorysetup-job-temp-allocator-block-size-background=1048576"
    "memorysetup-job-temp-allocator-reduction-small-platforms=262144"
    "memorysetup-temp-allocator-size-background-worker=32768"
    "memorysetup-temp-allocator-size-job-worker=262144"
    "memorysetup-temp-allocator-size-preload-manager=33554432"
    "memorysetup-temp-allocator-size-nav-mesh-worker=65536"
    "memorysetup-temp-allocator-size-audio-worker=65536"
    "memorysetup-temp-allocator-size-cloud-worker=32768"
    "memorysetup-temp-allocator-size-gi-baking-worker=262144"
    "memorysetup-temp-allocator-size-gi-baking-worker=262144"
    "memorysetup-temp-allocator-size-gi-baking-worker=262144"
    "memorysetup-temp-allocator-size-gi-baking-worker=262144"
    "memorysetup-temp-allocator-size-gi-baking-worker=262144"
    "memorysetup-temp-allocator-size-gfx=262144"
Player connection [6860]  Target information:

Player connection [6860]  * "[IP] 10.0.10.239 [Port] 55504 [Flags] 2 [Guid] 1837820067 [EditorId] 1837820067 [Version] 1048832 [Id] WindowsEditor(7,erickpc) [Debug] 1 [PackageName] WindowsEditor [ProjectName] Editor" 

Player connection [6860] Host joined multi-casting on [225.0.0.222:54997]...
Player connection [6860] Host joined alternative multi-casting on [225.0.0.222:34997]...
Input System module state changed to: Initialized.
[Physics::Module] Initialized fallback backend.
[Physics::Module] Id: 0xdecafbad
[Package Manager] Connected to IPC stream "Upm-3216" after 0.6 seconds.
Library Redirect Path: Library/
[Physics::Module] Selected backend.
[Physics::Module] Name: PhysX
[Physics::Module] Id: 0xf2b8ea05
[Physics::Module] SDK Version: 4.1.2
[Physics::Module] Integration Version: 1.0.0
[Physics::Module] Threading Mode: Multi-Threaded
Refreshing native plugins compatible for Editor in 1.20 ms, found 0 plugins.
Preloading 0 native plugins for Editor in 0.00 ms.
Initialize engine version: 6000.2.15f1 (0707b6d1e918)
[Subsystems] Discovering subsystems at path C:/Program Files/Unity/Hub/Editor/6000.2.15f1/Editor/Data/Resources/UnitySubsystems
[Subsystems] Discovering subsystems at path C:/Users/Mathe/Desktop/Hegemonia-Mundial-main/Hegemonia-Mundial-main/Assets
Forcing GfxDevice: Null
GfxDevice: creating device client; kGfxThreadingModeNonThreaded
NullGfxDevice:
    Version:  NULL 1.0 [1.0]
    Renderer: Null Device
    Vendor:   Unity Technologies
Shader Hidden/ProbeVolume/VoxelizeScene is not supported: GPU does not support conservative rasterization
Shader 'WFX/Transparent Diffuse': fallback shader 'Particles/Alpha Blended' not found
Shader 'WFX/Transparent Specular': fallback shader 'Particles/Alpha Blended' not found
Initialize mono
Mono path[0] = 'C:/Program Files/Unity/Hub/Editor/6000.2.15f1/Editor/Data/Managed'
Mono path[1] = 'C:/Program Files/Unity/Hub/Editor/6000.2.15f1/Editor/Data/MonoBleedingEdge/lib/mono/unityjit-win32'
Mono config path = 'C:/Program Files/Unity/Hub/Editor/6000.2.15f1/Editor/Data/MonoBleedingEdge/etc'
Using monoOptions --debugger-agent=transport=dt_socket,embedding=1,server=y,suspend=n,address=127.0.0.1:56216
Using cacheserver namespaces - metadata:defaultmetadata, artifacts:defaultartifacts
Using cacheserver namespaces - metadata:defaultmetadata, artifacts:defaultartifacts
ImportWorker Server TCP listen port: 0
AcceleratorClientConnectionCallback - disconnected - :0
Begin MonoManager ReloadAssembly
[Licensing::Client] Handshaking with LicensingClient:
  Version:                 1.17.4+4293ba1
  Session Id:              3f8627f2f8bd49b89ef55ce86dca4f1a
  Correlation Id:          9ceb905573055c0187f42c21a3f5c115
  External correlation Id: 4145265629154773208
  Machine Id:              CIG9bbgXtP+YsacqL8JoCFrF9kk=
[Licensing::Module] Successfully connected to LicensingClient on channel: "LicenseClient-Mathe" (connect: 0.07s, validation: 0.00s, handshake: 2.08s)
[Licensing::IpcConnector] Successfully connected to: "LicenseClient-Mathe-notifications" at "2026-07-15T22:51:06.4935756Z"
[Licensing::Module] Error: Access token is unavailable; failed to update
[Licensing::Client] Successfully resolved entitlement details
[Licensing::Module] License group:
  Id: 4673433101100-UnityPersXXXX
  Product: Unity Personal
  Type: Assigned
  Expiration: Unlimited
[Licensing::Client] Successfully updated license, isAsync: True, time: 0.00
[Licensing::Client] Successfully resolved entitlement details
[Licensing::Module] Licensing Background thread has ended after 2.16s
Registering precompiled unity dll's ...
Register platform support module: C:/Program Files/Unity/Hub/Editor/6000.2.15f1/Editor/Data/PlaybackEngines/WindowsStandaloneSupport/UnityEditor.WindowsStandalone.Extensions.dll
Registered in 0.005818 seconds.
- Loaded All Assemblies, in  0.797 seconds
Native extension for WindowsStandalone target not found
Mono: successfully reloaded assembly
- Finished resetting the current domain, in  0.678 seconds
Domain Reload Profiling: 1468ms
	BeginReloadAssembly (243ms)
		ExecutionOrderSort (0ms)
		DisableScriptedObjects (0ms)
		BackupInstance (0ms)
		ReleaseScriptingObjects (0ms)
		CreateAndSetChildDomain (1ms)
	RebuildCommonClasses (66ms)
	RebuildNativeTypeToScriptingClass (25ms)
	initialDomainReloadingComplete (124ms)
	LoadAllAssembliesAndSetupDomain (331ms)
		LoadAssemblies (236ms)
		RebuildTransferFunctionScriptingTraits (0ms)
		AnalyzeDomain (325ms)
			TypeCache.Refresh (322ms)
				TypeCache.ScanAssembly (298ms)
			BuildScriptInfoCaches (0ms)
			ResolveRequiredComponents (1ms)
	FinalizeReload (679ms)
		ReleaseScriptCaches (0ms)
		RebuildScriptCaches (0ms)
		SetupLoadedEditorAssemblies (607ms)
			LogAssemblyErrors (0ms)
			InitializePlatformSupportModulesInManaged (96ms)
			SetLoadedEditorAssemblies (7ms)
			BeforeProcessingInitializeOnLoad (127ms)
			ProcessInitializeOnLoadAttributes (242ms)
			ProcessInitializeOnLoadMethodAttributes (135ms)
			AfterProcessingInitializeOnLoad (0ms)
			EditorAssembliesLoaded (0ms)
		ExecutionOrderSort2 (0ms)
		AwakeInstancesAfterBackupRestoration (0ms)
[Licensing::Client] Successfully resolved entitlement details
Application.AssetDatabase Initial Refresh Start
Package Manager log level set to [2]
[Package Manager] Restoring resolved packages state from cache
[Licensing::Client] Successfully resolved entitlement details
[Package Manager] Registered 66 packages:
  Packages from [https://packages.unity.com]:
    com.unity.ai.navigation@2.0.12 (location: C:\Users\Mathe\Desktop\Hegemonia-Mundial-main\Hegemonia-Mundial-main\Library\PackageCache\com.unity.ai.navigation@734c2c4c5591)
    com.unity.cinemachine@3.1.5 (location: C:\Users\Mathe\Desktop\Hegemonia-Mundial-main\Hegemonia-Mundial-main\Library\PackageCache\com.unity.cinemachine@5342685532bb)
    com.unity.collab-proxy@2.12.4 (location: C:\Users\Mathe\Desktop\Hegemonia-Mundial-main\Hegemonia-Mundial-main\Library\PackageCache\com.unity.collab-proxy@0b1559bcd34e)
    com.unity.editorcoroutines@1.0.1 (location: C:\Users\Mathe\Desktop\Hegemonia-Mundial-main\Hegemonia-Mundial-main\Library\PackageCache\com.unity.editorcoroutines@54394ed3283c)
    com.unity.ide.rider@3.0.39 (location: C:\Users\Mathe\Desktop\Hegemonia-Mundial-main\Hegemonia-Mundial-main\Library\PackageCache\com.unity.ide.rider@4504839d03f7)
    com.unity.ide.visualstudio@2.0.27 (location: C:\Users\Mathe\Desktop\Hegemonia-Mundial-main\Hegemonia-Mundial-main\Library\PackageCache\com.unity.ide.visualstudio@dc1ddd4f09b6)
    com.unity.inputsystem@1.19.0 (location: C:\Users\Mathe\Desktop\Hegemonia-Mundial-main\Hegemonia-Mundial-main\Library\PackageCache\com.unity.inputsystem@21a28c3a6c83)
    com.unity.performance.profile-analyzer@1.3.3 (location: C:\Users\Mathe\Desktop\Hegemonia-Mundial-main\Hegemonia-Mundial-main\Library\PackageCache\com.unity.performance.profile-analyzer@10347e9ce886)
    com.unity.postprocessing@3.5.4 (location: C:\Users\Mathe\Desktop\Hegemonia-Mundial-main\Hegemonia-Mundial-main\Library\PackageCache\com.unity.postprocessing@141166b789e3)
    com.unity.settings-manager@2.1.1 (location: C:\Users\Mathe\Desktop\Hegemonia-Mundial-main\Hegemonia-Mundial-main\Library\PackageCache\com.unity.settings-manager@0b8638c5ce86)
    com.unity.terrain-tools@5.3.2 (location: C:\Users\Mathe\Desktop\Hegemonia-Mundial-main\Hegemonia-Mundial-main\Library\PackageCache\com.unity.terrain-tools@bcd5ab3144b8)
    com.unity.testtools.codecoverage@1.3.0 (location: C:\Users\Mathe\Desktop\Hegemonia-Mundial-main\Hegemonia-Mundial-main\Library\PackageCache\com.unity.testtools.codecoverage@19a841221620)
    com.unity.timeline@1.8.10 (location: C:\Users\Mathe\Desktop\Hegemonia-Mundial-main\Hegemonia-Mundial-main\Library\PackageCache\com.unity.timeline@7f8b2fb101b6)
    com.unity.visualscripting@1.9.11 (location: C:\Users\Mathe\Desktop\Hegemonia-Mundial-main\Hegemonia-Mundial-main\Library\PackageCache\com.unity.visualscripting@8bed5ad90189)
    com.unity.splines@2.8.2 (location: C:\Users\Mathe\Desktop\Hegemonia-Mundial-main\Hegemonia-Mundial-main\Library\PackageCache\com.unity.splines@1cb7d86fc7ff)
    com.unity.searcher@4.9.3 (location: C:\Users\Mathe\Desktop\Hegemonia-Mundial-main\Hegemonia-Mundial-main\Library\PackageCache\com.unity.searcher@1e17ce91558d)
    com.unity.burst@1.8.25 (location: C:\Users\Mathe\Desktop\Hegemonia-Mundial-main\Hegemonia-Mundial-main\Library\PackageCache\com.unity.burst@1df634d836b8)
    com.unity.mathematics@1.3.2 (location: C:\Users\Mathe\Desktop\Hegemonia-Mundial-main\Hegemonia-Mundial-main\Library\PackageCache\com.unity.mathematics@8017b507cc74)
    com.unity.collections@2.6.2 (location: C:\Users\Mathe\Desktop\Hegemonia-Mundial-main\Hegemonia-Mundial-main\Library\PackageCache\com.unity.collections@aea9d3bd5e19)
    com.unity.nuget.mono-cecil@1.11.5 (location: C:\Users\Mathe\Desktop\Hegemonia-Mundial-main\Hegemonia-Mundial-main\Library\PackageCache\com.unity.nuget.mono-cecil@d78732e851eb)
    com.unity.test-framework.performance@3.2.0 (location: C:\Users\Mathe\Desktop\Hegemonia-Mundial-main\Hegemonia-Mundial-main\Library\PackageCache\com.unity.test-framework.performance@0840f58e4562)
  Built-in packages:
    com.unity.2d.sprite@1.0.0 (location: C:\Users\Mathe\Desktop\Hegemonia-Mundial-main\Hegemonia-Mundial-main\Library\PackageCache\com.unity.2d.sprite@331abd9a1e2f)
    com.unity.2d.tilemap@1.0.0 (location: C:\Users\Mathe\Desktop\Hegemonia-Mundial-main\Hegemonia-Mundial-main\Library\PackageCache\com.unity.2d.tilemap@0b99f08c0204)
    com.unity.ext.nunit@2.0.5 (location: C:\Users\Mathe\Desktop\Hegemonia-Mundial-main\Hegemonia-Mundial-main\Library\PackageCache\com.unity.ext.nunit@031a54704bff)
    com.unity.feature.development@1.0.2 (location: C:\Users\Mathe\Desktop\Hegemonia-Mundial-main\Hegemonia-Mundial-main\Library\PackageCache\com.unity.feature.development@767aadbc6eb7)
    com.unity.render-pipelines.universal@17.2.0 (location: C:\Users\Mathe\Desktop\Hegemonia-Mundial-main\Hegemonia-Mundial-main\Library\PackageCache\com.unity.render-pipelines.universal@65a6875fdfbc)
    com.unity.test-framework@1.6.0 (location: C:\Users\Mathe\Desktop\Hegemonia-Mundial-main\Hegemonia-Mundial-main\Library\PackageCache\com.unity.test-framework@40e262928427)
    com.unity.ugui@2.0.0 (location: C:\Users\Mathe\Desktop\Hegemonia-Mundial-main\Hegemonia-Mundial-main\Library\PackageCache\com.unity.ugui@3ed76cad4655)
    com.unity.modules.accessibility@1.0.0 (location: C:\Program Files\Unity\Hub\Editor\6000.2.15f1\Editor\Data\Resources\PackageManager\BuiltInPackages\com.unity.modules.accessibility)
    com.unity.modules.ai@1.0.0 (location: C:\Program Files\Unity\Hub\Editor\6000.2.15f1\Editor\Data\Resources\PackageManager\BuiltInPackages\com.unity.modules.ai)
    com.unity.modules.androidjni@1.0.0 (location: C:\Program Files\Unity\Hub\Editor\6000.2.15f1\Editor\Data\Resources\PackageManager\BuiltInPackages\com.unity.modules.androidjni)
    com.unity.modules.animation@1.0.0 (location: C:\Program Files\Unity\Hub\Editor\6000.2.15f1\Editor\Data\Resources\PackageManager\BuiltInPackages\com.unity.modules.animation)
    com.unity.modules.assetbundle@1.0.0 (location: C:\Program Files\Unity\Hub\Editor\6000.2.15f1\Editor\Data\Resources\PackageManager\BuiltInPackages\com.unity.modules.assetbundle)
    com.unity.modules.audio@1.0.0 (location: C:\Program Files\Unity\Hub\Editor\6000.2.15f1\Editor\Data\Resources\PackageManager\BuiltInPackages\com.unity.modules.audio)
    com.unity.modules.cloth@1.0.0 (location: C:\Program Files\Unity\Hub\Editor\6000.2.15f1\Editor\Data\Resources\PackageManager\BuiltInPackages\com.unity.modules.cloth)
    com.unity.modules.director@1.0.0 (location: C:\Program Files\Unity\Hub\Editor\6000.2.15f1\Editor\Data\Resources\PackageManager\BuiltInPackages\com.unity.modules.director)
    com.unity.modules.hierarchycore@1.0.0 (location: C:\Program Files\Unity\Hub\Editor\6000.2.15f1\Editor\Data\Resources\PackageManager\BuiltInPackages\com.unity.modules.hierarchycore)
    com.unity.modules.imageconversion@1.0.0 (location: C:\Program Files\Unity\Hub\Editor\6000.2.15f1\Editor\Data\Resources\PackageManager\BuiltInPackages\com.unity.modules.imageconversion)
    com.unity.modules.imgui@1.0.0 (location: C:\Program Files\Unity\Hub\Editor\6000.2.15f1\Editor\Data\Resources\PackageManager\BuiltInPackages\com.unity.modules.imgui)
    com.unity.modules.jsonserialize@1.0.0 (location: C:\Program Files\Unity\Hub\Editor\6000.2.15f1\Editor\Data\Resources\PackageManager\BuiltInPackages\com.unity.modules.jsonserialize)
    com.unity.modules.particlesystem@1.0.0 (location: C:\Program Files\Unity\Hub\Editor\6000.2.15f1\Editor\Data\Resources\PackageManager\BuiltInPackages\com.unity.modules.particlesystem)
    com.unity.modules.physics@1.0.0 (location: C:\Program Files\Unity\Hub\Editor\6000.2.15f1\Editor\Data\Resources\PackageManager\BuiltInPackages\com.unity.modules.physics)
    com.unity.modules.physics2d@1.0.0 (location: C:\Program Files\Unity\Hub\Editor\6000.2.15f1\Editor\Data\Resources\PackageManager\BuiltInPackages\com.unity.modules.physics2d)
    com.unity.modules.screencapture@1.0.0 (location: C:\Program Files\Unity\Hub\Editor\6000.2.15f1\Editor\Data\Resources\PackageManager\BuiltInPackages\com.unity.modules.screencapture)
    com.unity.modules.subsystems@1.0.0 (location: C:\Program Files\Unity\Hub\Editor\6000.2.15f1\Editor\Data\Resources\PackageManager\BuiltInPackages\com.unity.modules.subsystems)
    com.unity.modules.terrain@1.0.0 (location: C:\Program Files\Unity\Hub\Editor\6000.2.15f1\Editor\Data\Resources\PackageManager\BuiltInPackages\com.unity.modules.terrain)
    com.unity.modules.terrainphysics@1.0.0 (location: C:\Program Files\Unity\Hub\Editor\6000.2.15f1\Editor\Data\Resources\PackageManager\BuiltInPackages\com.unity.modules.terrainphysics)
    com.unity.modules.tilemap@1.0.0 (location: C:\Program Files\Unity\Hub\Editor\6000.2.15f1\Editor\Data\Resources\PackageManager\BuiltInPackages\com.unity.modules.tilemap)
    com.unity.modules.ui@1.0.0 (location: C:\Program Files\Unity\Hub\Editor\6000.2.15f1\Editor\Data\Resources\PackageManager\BuiltInPackages\com.unity.modules.ui)
    com.unity.modules.uielements@1.0.0 (location: C:\Program Files\Unity\Hub\Editor\6000.2.15f1\Editor\Data\Resources\PackageManager\BuiltInPackages\com.unity.modules.uielements)
    com.unity.modules.umbra@1.0.0 (location: C:\Program Files\Unity\Hub\Editor\6000.2.15f1\Editor\Data\Resources\PackageManager\BuiltInPackages\com.unity.modules.umbra)
    com.unity.modules.unityanalytics@1.0.0 (location: C:\Program Files\Unity\Hub\Editor\6000.2.15f1\Editor\Data\Resources\PackageManager\BuiltInPackages\com.unity.modules.unityanalytics)
    com.unity.modules.unitywebrequest@1.0.0 (location: C:\Program Files\Unity\Hub\Editor\6000.2.15f1\Editor\Data\Resources\PackageManager\BuiltInPackages\com.unity.modules.unitywebrequest)
    com.unity.modules.unitywebrequestassetbundle@1.0.0 (location: C:\Program Files\Unity\Hub\Editor\6000.2.15f1\Editor\Data\Resources\PackageManager\BuiltInPackages\com.unity.modules.unitywebrequestassetbundle)
    com.unity.modules.unitywebrequestaudio@1.0.0 (location: C:\Program Files\Unity\Hub\Editor\6000.2.15f1\Editor\Data\Resources\PackageManager\BuiltInPackages\com.unity.modules.unitywebrequestaudio)
    com.unity.modules.unitywebrequesttexture@1.0.0 (location: C:\Program Files\Unity\Hub\Editor\6000.2.15f1\Editor\Data\Resources\PackageManager\BuiltInPackages\com.unity.modules.unitywebrequesttexture)
    com.unity.modules.unitywebrequestwww@1.0.0 (location: C:\Program Files\Unity\Hub\Editor\6000.2.15f1\Editor\Data\Resources\PackageManager\BuiltInPackages\com.unity.modules.unitywebrequestwww)
    com.unity.modules.vehicles@1.0.0 (location: C:\Program Files\Unity\Hub\Editor\6000.2.15f1\Editor\Data\Resources\PackageManager\BuiltInPackages\com.unity.modules.vehicles)
    com.unity.modules.video@1.0.0 (location: C:\Program Files\Unity\Hub\Editor\6000.2.15f1\Editor\Data\Resources\PackageManager\BuiltInPackages\com.unity.modules.video)
    com.unity.modules.vr@1.0.0 (location: C:\Program Files\Unity\Hub\Editor\6000.2.15f1\Editor\Data\Resources\PackageManager\BuiltInPackages\com.unity.modules.vr)
    com.unity.modules.wind@1.0.0 (location: C:\Program Files\Unity\Hub\Editor\6000.2.15f1\Editor\Data\Resources\PackageManager\BuiltInPackages\com.unity.modules.wind)
    com.unity.modules.xr@1.0.0 (location: C:\Program Files\Unity\Hub\Editor\6000.2.15f1\Editor\Data\Resources\PackageManager\BuiltInPackages\com.unity.modules.xr)
    com.unity.render-pipelines.core@17.2.0 (location: C:\Users\Mathe\Desktop\Hegemonia-Mundial-main\Hegemonia-Mundial-main\Library\PackageCache\com.unity.render-pipelines.core@205f2b8ecf0f)
    com.unity.shadergraph@17.2.0 (location: C:\Users\Mathe\Desktop\Hegemonia-Mundial-main\Hegemonia-Mundial-main\Library\PackageCache\com.unity.shadergraph@bb4ad9d6ddac)
    com.unity.render-pipelines.universal-config@17.0.3 (location: C:\Users\Mathe\Desktop\Hegemonia-Mundial-main\Hegemonia-Mundial-main\Library\PackageCache\com.unity.render-pipelines.universal-config@8dc1aab4af1d)
    com.unity.rendering.light-transport@1.0.1 (location: C:\Users\Mathe\Desktop\Hegemonia-Mundial-main\Hegemonia-Mundial-main\Library\PackageCache\com.unity.rendering.light-transport@2c9279f90d7c)
[Subsystems] No new subsystems found in resolved package list.
[Package Manager] Done registering packages in 0.05 seconds
Assembly reference Packages/com.unity.cinemachine/Editor/Samples/ExposeHDRPInternals/HDRP-Editor-ref.asmref has no target assembly definition
Assembly reference Packages/com.unity.cinemachine/Editor/Samples/ExposeHDRPInternals/HDRP-Editor-ref.asmref has no target assembly definition
[ScriptCompilation] Requested script compilation because: Assetdatabase observed changes in script compilation related files
Starting: C:\Program Files\Unity\Hub\Editor\6000.2.15f1\Editor\Data\bee_backend.exe --ipc --defer-dag-verification --dagfile="Library/Bee/1900b0aE.dag" --continue-on-failure --profile="Library/Bee/backend1.traceevents" ScriptAssemblies
WorkingDir: C:/Users/Mathe/Desktop/Hegemonia-Mundial-main/Hegemonia-Mundial-main
DisplayProgressbar: Compiling Scripts
ExitCode: 0 Duration: 1s696ms
[ 780/1007  0s] ILPP-Configuration Library/ilpp-configuration.nevergeneratedoutput
[1003/1007  0s] Csc Library/Bee/artifacts/1900b0aE.dag/Hegemonia.PlayMode.Tests.dll (+2 others)
[1004/1007  0s] ILPostProcess Library/Bee/artifacts/1900b0aE.dag/post-processed/Hegemonia.PlayMode.Tests.dll (+pdb)
Processing assembly Library/Bee/artifacts/1900b0aE.dag/Hegemonia.PlayMode.Tests.dll, with 134 defines and 256 references

processors: Unity.Jobs.CodeGen.JobsILPostProcessor, zzzUnity.Burst.CodeGen.BurstILPostProcessor

running Unity.Jobs.CodeGen.JobsILPostProcessor

running zzzUnity.Burst.CodeGen.BurstILPostProcessor
[1005/1007  0s] CopyFiles Library/ScriptAssemblies/Hegemonia.PlayMode.Tests.pdb
[1006/1007  0s] CopyFiles Library/ScriptAssemblies/Hegemonia.PlayMode.Tests.dll
*** Tundra build success (1.60 seconds), 5 items updated, 1007 evaluated
AssetDatabase: script compilation time: 2.758313s
Begin MonoManager ReloadAssembly
- Loaded All Assemblies, in  5.807 seconds
'Packages/com.unity.cinemachine/Editor/Editors/CinemachineVirtualCameraBaseEditor.cs' contains partial class of Unity.Object, exactly 1 of the partial classes needs to be in a file with the same filename. This is to know the one that can be referenced from ie. GameObjects
'Packages/com.unity.cinemachine/Editor/Obsolete/CinemachineVirtualCameraBaseEditor.cs' contains partial class of Unity.Object, exactly 1 of the partial classes needs to be in a file with the same filename. This is to know the one that can be referenced from ie. GameObjects
Refreshing native plugins compatible for Editor in 7.58 ms, found 4 plugins.
Native extension for WindowsStandalone target not found
Assembly reference Packages/com.unity.cinemachine/Editor/Samples/ExposeHDRPInternals/HDRP-Editor-ref.asmref has no target assembly definition
Refreshing native plugins compatible for Editor in 4.79 ms, found 4 plugins.
Mono: successfully reloaded assembly
- Finished resetting the current domain, in 15.233 seconds
Domain Reload Profiling: 21014ms
	BeginReloadAssembly (487ms)
		ExecutionOrderSort (0ms)
		DisableScriptedObjects (27ms)
		BackupInstance (0ms)
		ReleaseScriptingObjects (0ms)
		CreateAndSetChildDomain (165ms)
	RebuildCommonClasses (124ms)
	RebuildNativeTypeToScriptingClass (38ms)
	initialDomainReloadingComplete (100ms)
	LoadAllAssembliesAndSetupDomain (5031ms)
		LoadAssemblies (3565ms)
		RebuildTransferFunctionScriptingTraits (0ms)
		AnalyzeDomain (1672ms)
			TypeCache.Refresh (1272ms)
				TypeCache.ScanAssembly (1238ms)
			BuildScriptInfoCaches (212ms)
			ResolveRequiredComponents (176ms)
	FinalizeReload (15234ms)
		ReleaseScriptCaches (0ms)
		RebuildScriptCaches (0ms)
		SetupLoadedEditorAssemblies (13649ms)
			LogAssemblyErrors (0ms)
			InitializePlatformSupportModulesInManaged (45ms)
			SetLoadedEditorAssemblies (7ms)
			BeforeProcessingInitializeOnLoad (447ms)
			ProcessInitializeOnLoadAttributes (13019ms)
			ProcessInitializeOnLoadMethodAttributes (100ms)
			AfterProcessingInitializeOnLoad (17ms)
			EditorAssembliesLoaded (15ms)
		ExecutionOrderSort2 (0ms)
		AwakeInstancesAfterBackupRestoration (22ms)
Sub Graph at Assets/TerrainSampleAssets/ShaderGraphs/Subgraphs/URPSSS.shadersubgraph has 1 warning(s), the first is: There is a newer version of this node available. Inspect node for details.
A polygon of Mesh 'Tower' in Assets/base militar/Military Base Pack/Models/Buildings/Tower1.fbx is self-intersecting and has been discarded.
A polygon of Mesh 'Tower' in Assets/base militar/Military Base Pack/Models/Buildings/Tower1.fbx is self-intersecting and has been discarded.
A polygon of Mesh 'Tower' in Assets/base militar/Military Base Pack/Models/Buildings/Tower1.fbx is self-intersecting and has been discarded.
A polygon of Mesh 'Tower' in Assets/base militar/Military Base Pack/Models/Buildings/Tower1.fbx is self-intersecting and has been discarded.
ImportFBX Warnings:
Can't import tangents and binormals, because mesh 'SM_Parachute' doesn't have any.
A polygon of Mesh 'Cube' in Assets/Military vehicles (Sea)/Model/S8.fbx is self-intersecting and has been discarded.
A polygon of Mesh 'Rader_Panel' in Assets/CartoonMilitaryModelPack/OriginalMeshes&Materials/Building/Radar.fbx is self-intersecting and has been discarded.
File 'LN3D_Modular_CatWalk' has inconsistent LOD naming (_LOD1 found but no _LOD0).
A polygon of Mesh 'Tank_03_Body1' in Assets/CartoonMilitaryModelPack/OriginalMeshes&Materials/Tank/Tank_03.fbx is self-intersecting and has been discarded.
A polygon of Mesh 'Tank_03_Body1' in Assets/CartoonMilitaryModelPack/OriginalMeshes&Materials/Tank/Tank_03.fbx is self-intersecting and has been discarded.
A polygon of Mesh 'Cylinder' in Assets/base militar/Military Base Pack/Models/Buildings/Hangar4.fbx is self-intersecting and has been discarded.
A polygon of Mesh 'Cylinder' in Assets/base militar/Military Base Pack/Models/Buildings/Hangar4.fbx is self-intersecting and has been discarded.
A polygon of Mesh 'Cylinder' in Assets/base militar/Military Base Pack/Models/Buildings/Hangar4.fbx is self-intersecting and has been discarded.
Sub Graph at Assets/TerrainSampleAssets/ShaderGraphs/Subgraphs/Wind.shadersubgraph has 1 warning(s), the first is: There is a newer version of this node available. Inspect node for details.
A polygon of Mesh 'Turret_09_MainGun' in Assets/CartoonMilitaryModelPack/OriginalMeshes&Materials/CustomPart/Turrets/Turret_09.fbx is self-intersecting and has been discarded.
A polygon of Mesh 'Turret_09_MainGun' in Assets/CartoonMilitaryModelPack/OriginalMeshes&Materials/CustomPart/Turrets/Turret_09.fbx is self-intersecting and has been discarded.
A polygon of Mesh 'Turret_09_MainGun' in Assets/CartoonMilitaryModelPack/OriginalMeshes&Materials/CustomPart/Turrets/Turret_09.fbx is self-intersecting and has been discarded.
A polygon of Mesh 'Turret_09_MainGun' in Assets/CartoonMilitaryModelPack/OriginalMeshes&Materials/CustomPart/Turrets/Turret_09.fbx is self-intersecting and has been discarded.
A polygon of Mesh 'Turret_09_MainGun' in Assets/CartoonMilitaryModelPack/OriginalMeshes&Materials/CustomPart/Turrets/Turret_09.fbx is self-intersecting and has been discarded.
A polygon of Mesh 'Turret_09_MainGun' in Assets/CartoonMilitaryModelPack/OriginalMeshes&Materials/CustomPart/Turrets/Turret_09.fbx is self-intersecting and has been discarded.
A polygon of Mesh 'Turret_09_MainGun' in Assets/CartoonMilitaryModelPack/OriginalMeshes&Materials/CustomPart/Turrets/Turret_09.fbx is self-intersecting and has been discarded.
A polygon of Mesh 'Turret_09_MainGun' in Assets/CartoonMilitaryModelPack/OriginalMeshes&Materials/CustomPart/Turrets/Turret_09.fbx is self-intersecting and has been discarded.
A polygon of Mesh 'Turret_09_MainGun' in Assets/CartoonMilitaryModelPack/OriginalMeshes&Materials/CustomPart/Turrets/Turret_09.fbx is self-intersecting and has been discarded.
A polygon of Mesh 'Turret_09_MainGun' in Assets/CartoonMilitaryModelPack/OriginalMeshes&Materials/CustomPart/Turrets/Turret_09.fbx is self-intersecting and has been discarded.
A polygon of Mesh 'Turret_09_MainGun' in Assets/CartoonMilitaryModelPack/OriginalMeshes&Materials/CustomPart/Turrets/Turret_09.fbx is self-intersecting and has been discarded.
A polygon of Mesh 'Turret_09_MainGun' in Assets/CartoonMilitaryModelPack/OriginalMeshes&Materials/CustomPart/Turrets/Turret_09.fbx is self-intersecting and has been discarded.
A polygon of Mesh 'Turret_09_MainGun' in Assets/CartoonMilitaryModelPack/OriginalMeshes&Materials/CustomPart/Turrets/Turret_09.fbx is self-intersecting and has been discarded.
A polygon of Mesh 'Turret_09_MainGun' in Assets/CartoonMilitaryModelPack/OriginalMeshes&Materials/CustomPart/Turrets/Turret_09.fbx is self-intersecting and has been discarded.
A polygon of Mesh 'Turret_09_MainGun' in Assets/CartoonMilitaryModelPack/OriginalMeshes&Materials/CustomPart/Turrets/Turret_09.fbx is self-intersecting and has been discarded.
A polygon of Mesh 'Turret_09_MainGun' in Assets/CartoonMilitaryModelPack/OriginalMeshes&Materials/CustomPart/Turrets/Turret_09.fbx is self-intersecting and has been discarded.
A polygon of Mesh 'Turret_09_MainGun' in Assets/CartoonMilitaryModelPack/OriginalMeshes&Materials/CustomPart/Turrets/Turret_09.fbx is self-intersecting and has been discarded.
A polygon of Mesh 'Turret_09_MainGun' in Assets/CartoonMilitaryModelPack/OriginalMeshes&Materials/CustomPart/Turrets/Turret_09.fbx is self-intersecting and has been discarded.
A polygon of Mesh 'Turret_09_MainGun' in Assets/CartoonMilitaryModelPack/OriginalMeshes&Materials/CustomPart/Turrets/Turret_09.fbx is self-intersecting and has been discarded.
A polygon of Mesh 'Turret_09_MainGun' in Assets/CartoonMilitaryModelPack/OriginalMeshes&Materials/CustomPart/Turrets/Turret_09.fbx is self-intersecting and has been discarded.
A polygon of Mesh 'Turret_09_MainGun' in Assets/CartoonMilitaryModelPack/OriginalMeshes&Materials/CustomPart/Turrets/Turret_09.fbx is self-intersecting and has been discarded.
A polygon of Mesh 'Turret_09_MainGun' in Assets/CartoonMilitaryModelPack/OriginalMeshes&Materials/CustomPart/Turrets/Turret_09.fbx is self-intersecting and has been discarded.
A polygon of Mesh 'Turret_09_MainGun' in Assets/CartoonMilitaryModelPack/OriginalMeshes&Materials/CustomPart/Turrets/Turret_09.fbx is self-intersecting and has been discarded.
A polygon of Mesh 'Turret_09_MainGun' in Assets/CartoonMilitaryModelPack/OriginalMeshes&Materials/CustomPart/Turrets/Turret_09.fbx is self-intersecting and has been discarded.
A polygon of Mesh 'Turret_09_MainGun' in Assets/CartoonMilitaryModelPack/OriginalMeshes&Materials/CustomPart/Turrets/Turret_09.fbx is self-intersecting and has been discarded.
A polygon of Mesh 'Turret_09_MainGun' in Assets/CartoonMilitaryModelPack/OriginalMeshes&Materials/CustomPart/Turrets/Turret_09.fbx is self-intersecting and has been discarded.
A polygon of Mesh 'Turret_09_MainGun' in Assets/CartoonMilitaryModelPack/OriginalMeshes&Materials/CustomPart/Turrets/Turret_09.fbx is self-intersecting and has been discarded.
A polygon of Mesh 'Turret_09_MainGun' in Assets/CartoonMilitaryModelPack/OriginalMeshes&Materials/CustomPart/Turrets/Turret_09.fbx is self-intersecting and has been discarded.
A polygon of Mesh 'Turret_09_MainGun' in Assets/CartoonMilitaryModelPack/OriginalMeshes&Materials/CustomPart/Turrets/Turret_09.fbx is self-intersecting and has been discarded.
A polygon of Mesh 'Turret_09_MainGun' in Assets/CartoonMilitaryModelPack/OriginalMeshes&Materials/CustomPart/Turrets/Turret_09.fbx is self-intersecting and has been discarded.
A polygon of Mesh 'Turret_09_MainGun' in Assets/CartoonMilitaryModelPack/OriginalMeshes&Materials/CustomPart/Turrets/Turret_09.fbx is self-intersecting and has been discarded.
A polygon of Mesh 'Turret_09_MainGun' in Assets/CartoonMilitaryModelPack/OriginalMeshes&Materials/CustomPart/Turrets/Turret_09.fbx is self-intersecting and has been discarded.
ImportFBX Warnings:
Mesh 'tripo_part_13' has 1 (out of 1109) vertices with no weight and bone assigned (they will be assigned to bone #0 with weight 1). The list of vertices: 366
Mesh 'tripo_part_6' has 2 (out of 1599) vertices with no weight and bone assigned (they will be assigned to bone #0 with weight 1). The list of vertices: 253, 1358
File 'Ani conves' has animation import warnings. See Import Messages in Animation Import Settings for more details.
A polygon of Mesh 'Turret_01_MainGunLeftPart' in Assets/CartoonMilitaryModelPack/OriginalMeshes&Materials/CustomPart/Turrets/Turret_01.fbx is self-intersecting and has been discarded.
A polygon of Mesh 'Turret_01_MainGunLeftPart' in Assets/CartoonMilitaryModelPack/OriginalMeshes&Materials/CustomPart/Turrets/Turret_01.fbx is self-intersecting and has been discarded.
A polygon of Mesh 'Turret_01_MainGunLeftPart' in Assets/CartoonMilitaryModelPack/OriginalMeshes&Materials/CustomPart/Turrets/Turret_01.fbx is self-intersecting and has been discarded.
A polygon of Mesh 'Turret_01_MainGunLeftPart' in Assets/CartoonMilitaryModelPack/OriginalMeshes&Materials/CustomPart/Turrets/Turret_01.fbx is self-intersecting and has been discarded.
A polygon of Mesh 'Turret_01_MainGunLeftPart' in Assets/CartoonMilitaryModelPack/OriginalMeshes&Materials/CustomPart/Turrets/Turret_01.fbx is self-intersecting and has been discarded.
A polygon of Mesh 'Turret_01_MainGunLeftPart' in Assets/CartoonMilitaryModelPack/OriginalMeshes&Materials/CustomPart/Turrets/Turret_01.fbx is self-intersecting and has been discarded.
A polygon of Mesh 'Turret_01_MainGunLeftPart' in Assets/CartoonMilitaryModelPack/OriginalMeshes&Materials/CustomPart/Turrets/Turret_01.fbx is self-intersecting and has been discarded.
A polygon of Mesh 'Turret_01_MainGunRightPart' in Assets/CartoonMilitaryModelPack/OriginalMeshes&Materials/CustomPart/Turrets/Turret_01.fbx is self-intersecting and has been discarded.
A polygon of Mesh 'Turret_01_MainGunRightPart' in Assets/CartoonMilitaryModelPack/OriginalMeshes&Materials/CustomPart/Turrets/Turret_01.fbx is self-intersecting and has been discarded.
A polygon of Mesh 'Turret_01_MainGunRightPart' in Assets/CartoonMilitaryModelPack/OriginalMeshes&Materials/CustomPart/Turrets/Turret_01.fbx is self-intersecting and has been discarded.
A polygon of Mesh 'Turret_01_MainGunRightPart' in Assets/CartoonMilitaryModelPack/OriginalMeshes&Materials/CustomPart/Turrets/Turret_01.fbx is self-intersecting and has been discarded.
A polygon of Mesh 'Turret_01_MainGunRightPart' in Assets/CartoonMilitaryModelPack/OriginalMeshes&Materials/CustomPart/Turrets/Turret_01.fbx is self-intersecting and has been discarded.
A polygon of Mesh 'Turret_01_MainGunRightPart' in Assets/CartoonMilitaryModelPack/OriginalMeshes&Materials/CustomPart/Turrets/Turret_01.fbx is self-intersecting and has been discarded.
A polygon of Mesh 'Turret_01_MainGunRightPart' in Assets/CartoonMilitaryModelPack/OriginalMeshes&Materials/CustomPart/Turrets/Turret_01.fbx is self-intersecting and has been discarded.
A polygon of Mesh 'Turret_02_Body' in Assets/Prefabs/Navios_Guerra/Nav_USS_Ironclad/Turret_02.fbx is self-intersecting and has been discarded.
A polygon of Mesh 'Turret_02_Body' in Assets/Prefabs/Navios_Guerra/Nav_USS_Ironclad/Turret_02.fbx is self-intersecting and has been discarded.
A polygon of Mesh 'Fence' in Assets/base militar/Military Base Pack/Models/Props/Fence.fbx is self-intersecting and has been discarded.
A polygon of Mesh 'Fence' in Assets/base militar/Military Base Pack/Models/Props/Fence.fbx is self-intersecting and has been discarded.
A polygon of Mesh 'Fence' in Assets/base militar/Military Base Pack/Models/Props/Fence.fbx is self-intersecting and has been discarded.
A polygon of Mesh 'Turret_02_Body' in Assets/Prefabs/Turret_02.fbx is self-intersecting and has been discarded.
A polygon of Mesh 'Turret_02_Body' in Assets/Prefabs/Turret_02.fbx is self-intersecting and has been discarded.
A polygon of Mesh 'Fence' in Assets/base militar/Military Base Pack/Models/Props/Block2.fbx is self-intersecting and has been discarded.
A polygon of Mesh 'Fence' in Assets/base militar/Military Base Pack/Models/Props/Block2.fbx is self-intersecting and has been discarded.
A polygon of Mesh 'Fence' in Assets/base militar/Military Base Pack/Models/Props/Block2.fbx is self-intersecting and has been discarded.
A polygon of Mesh 'Cylinder' in Assets/base militar/Military Base Pack/Models/Buildings/Garage1.fbx is self-intersecting and has been discarded.
A polygon of Mesh 'Cylinder' in Assets/base militar/Military Base Pack/Models/Buildings/Garage1.fbx is self-intersecting and has been discarded.
A polygon of Mesh 'Cylinder' in Assets/base militar/Military Base Pack/Models/Buildings/Garage1.fbx is self-intersecting and has been discarded.
A polygon of Mesh 'Turret_01_MainGunLeftPart' in Assets/Prefabs/Navios_Guerra/Nav_San/Turret_01.fbx is self-intersecting and has been discarded.
A polygon of Mesh 'Turret_01_MainGunLeftPart' in Assets/Prefabs/Navios_Guerra/Nav_San/Turret_01.fbx is self-intersecting and has been discarded.
A polygon of Mesh 'Turret_01_MainGunLeftPart' in Assets/Prefabs/Navios_Guerra/Nav_San/Turret_01.fbx is self-intersecting and has been discarded.
A polygon of Mesh 'Turret_01_MainGunLeftPart' in Assets/Prefabs/Navios_Guerra/Nav_San/Turret_01.fbx is self-intersecting and has been discarded.
A polygon of Mesh 'Turret_01_MainGunLeftPart' in Assets/Prefabs/Navios_Guerra/Nav_San/Turret_01.fbx is self-intersecting and has been discarded.
A polygon of Mesh 'Turret_01_MainGunLeftPart' in Assets/Prefabs/Navios_Guerra/Nav_San/Turret_01.fbx is self-intersecting and has been discarded.
A polygon of Mesh 'Turret_01_MainGunLeftPart' in Assets/Prefabs/Navios_Guerra/Nav_San/Turret_01.fbx is self-intersecting and has been discarded.
A polygon of Mesh 'Turret_01_MainGunRightPart' in Assets/Prefabs/Navios_Guerra/Nav_San/Turret_01.fbx is self-intersecting and has been discarded.
A polygon of Mesh 'Turret_01_MainGunRightPart' in Assets/Prefabs/Navios_Guerra/Nav_San/Turret_01.fbx is self-intersecting and has been discarded.
A polygon of Mesh 'Turret_01_MainGunRightPart' in Assets/Prefabs/Navios_Guerra/Nav_San/Turret_01.fbx is self-intersecting and has been discarded.
A polygon of Mesh 'Turret_01_MainGunRightPart' in Assets/Prefabs/Navios_Guerra/Nav_San/Turret_01.fbx is self-intersecting and has been discarded.
A polygon of Mesh 'Turret_01_MainGunRightPart' in Assets/Prefabs/Navios_Guerra/Nav_San/Turret_01.fbx is self-intersecting and has been discarded.
A polygon of Mesh 'Turret_01_MainGunRightPart' in Assets/Prefabs/Navios_Guerra/Nav_San/Turret_01.fbx is self-intersecting and has been discarded.
A polygon of Mesh 'Turret_01_MainGunRightPart' in Assets/Prefabs/Navios_Guerra/Nav_San/Turret_01.fbx is self-intersecting and has been discarded.
A polygon of Mesh 'Turret_02_Body' in Assets/CartoonMilitaryModelPack/OriginalMeshes&Materials/CustomPart/Turrets/Turret_02.fbx is self-intersecting and has been discarded.
A polygon of Mesh 'Turret_02_Body' in Assets/CartoonMilitaryModelPack/OriginalMeshes&Materials/CustomPart/Turrets/Turret_02.fbx is self-intersecting and has been discarded.
A polygon of Mesh 'APC_02_MainGun1' in Assets/CartoonMilitaryModelPack/OriginalMeshes&Materials/APC/APC_02.fbx is self-intersecting and has been discarded.
A polygon of Mesh 'Jet_05_Body' in Assets/CartoonMilitaryModelPack/OriginalMeshes&Materials/Jet/su35.fbx is self-intersecting and has been discarded.
A polygon of Mesh 'GbPlateGrid' in Assets/Gwangju_3D asset/17_GwangjuBiennale/Meshes/GwangjuBiennale_Exterior.fbx is self-intersecting and has been discarded.
A polygon of Mesh 'Upper_Body' in Assets/CartoonMilitaryModelPack/OriginalMeshes&Materials/Tank/Tank_04.fbx is self-intersecting and has been discarded.
A polygon of Mesh 'Turret_01_MainGunLeftPart' in Assets/Prefabs/Navios_Guerra/Nav_USS_Ironclad/Turret_01.fbx is self-intersecting and has been discarded.
A polygon of Mesh 'Turret_01_MainGunLeftPart' in Assets/Prefabs/Navios_Guerra/Nav_USS_Ironclad/Turret_01.fbx is self-intersecting and has been discarded.
A polygon of Mesh 'Turret_01_MainGunLeftPart' in Assets/Prefabs/Navios_Guerra/Nav_USS_Ironclad/Turret_01.fbx is self-intersecting and has been discarded.
A polygon of Mesh 'Turret_01_MainGunLeftPart' in Assets/Prefabs/Navios_Guerra/Nav_USS_Ironclad/Turret_01.fbx is self-intersecting and has been discarded.
A polygon of Mesh 'Turret_01_MainGunLeftPart' in Assets/Prefabs/Navios_Guerra/Nav_USS_Ironclad/Turret_01.fbx is self-intersecting and has been discarded.
A polygon of Mesh 'Turret_01_MainGunLeftPart' in Assets/Prefabs/Navios_Guerra/Nav_USS_Ironclad/Turret_01.fbx is self-intersecting and has been discarded.
A polygon of Mesh 'Turret_01_MainGunLeftPart' in Assets/Prefabs/Navios_Guerra/Nav_USS_Ironclad/Turret_01.fbx is self-intersecting and has been discarded.
A polygon of Mesh 'Turret_01_MainGunRightPart' in Assets/Prefabs/Navios_Guerra/Nav_USS_Ironclad/Turret_01.fbx is self-intersecting and has been discarded.
A polygon of Mesh 'Turret_01_MainGunRightPart' in Assets/Prefabs/Navios_Guerra/Nav_USS_Ironclad/Turret_01.fbx is self-intersecting and has been discarded.
A polygon of Mesh 'Turret_01_MainGunRightPart' in Assets/Prefabs/Navios_Guerra/Nav_USS_Ironclad/Turret_01.fbx is self-intersecting and has been discarded.
A polygon of Mesh 'Turret_01_MainGunRightPart' in Assets/Prefabs/Navios_Guerra/Nav_USS_Ironclad/Turret_01.fbx is self-intersecting and has been discarded.
A polygon of Mesh 'Turret_01_MainGunRightPart' in Assets/Prefabs/Navios_Guerra/Nav_USS_Ironclad/Turret_01.fbx is self-intersecting and has been discarded.
A polygon of Mesh 'Turret_01_MainGunRightPart' in Assets/Prefabs/Navios_Guerra/Nav_USS_Ironclad/Turret_01.fbx is self-intersecting and has been discarded.
A polygon of Mesh 'Turret_01_MainGunRightPart' in Assets/Prefabs/Navios_Guerra/Nav_USS_Ironclad/Turret_01.fbx is self-intersecting and has been discarded.
A polygon of Mesh 'Body.002' in Assets/Construction Vehicles 1.1/Models/Construction 1.1.fbx is self-intersecting and has been discarded.
A polygon of Mesh 'Body.002' in Assets/Construction Vehicles 1.1/Models/Construction 1.1.fbx is self-intersecting and has been discarded.
A polygon of Mesh 'Front_Supporter' in Assets/Construction Vehicles 1.1/Models/Construction 1.1.fbx is self-intersecting and has been discarded.
A polygon of Mesh 'Front_Supporter' in Assets/Construction Vehicles 1.1/Models/Construction 1.1.fbx is self-intersecting and has been discarded.
A polygon of Mesh 'Front_Supporter' in Assets/Construction Vehicles 1.1/Models/Construction 1.1.fbx is self-intersecting and has been discarded.
A polygon of Mesh 'Front_Supporter' in Assets/Construction Vehicles 1.1/Models/Construction 1.1.fbx is self-intersecting and has been discarded.
A polygon of Mesh 'Front_Body' in Assets/Construction Vehicles 1.1/Models/Construction 1.1.fbx is self-intersecting and has been discarded.
A polygon of Mesh 'Front_Body' in Assets/Construction Vehicles 1.1/Models/Construction 1.1.fbx is self-intersecting and has been discarded.
A polygon of Mesh 'Front_Body' in Assets/Construction Vehicles 1.1/Models/Construction 1.1.fbx is self-intersecting and has been discarded.
A polygon of Mesh 'Front_Body' in Assets/Construction Vehicles 1.1/Models/Construction 1.1.fbx is self-intersecting and has been discarded.
A polygon of Mesh 'Front_Body' in Assets/Construction Vehicles 1.1/Models/Construction 1.1.fbx is self-intersecting and has been discarded.
A polygon of Mesh 'Front_Body' in Assets/Construction Vehicles 1.1/Models/Construction 1.1.fbx is self-intersecting and has been discarded.
A polygon of Mesh 'Front_Body' in Assets/Construction Vehicles 1.1/Models/Construction 1.1.fbx is self-intersecting and has been discarded.
A polygon of Mesh 'Front_Body' in Assets/Construction Vehicles 1.1/Models/Construction 1.1.fbx is self-intersecting and has been discarded.
A polygon of Mesh 'SM_Prop_CrashedPlane_American_01' in Assets/Simple InterceptMissile&TurretBehaviour/PolygonWar/Models/SM_Veh_Plane_Damaged_American_01.fbx is self-intersecting and has been discarded.
A polygon of Mesh 'SM_Prop_CrashedPlane_American_01' in Assets/Simple InterceptMissile&TurretBehaviour/PolygonWar/Models/SM_Veh_Plane_Damaged_American_01.fbx is self-intersecting and has been discarded.
Shader Graph at Assets/TerrainSampleAssets/ShaderGraphs/TerrainGrass.shadergraph has 1 warning(s), the first is: Validation: Property is of unknown type, a package may be missing.
Start importing Packages/com.unity.render-pipelines.core/Editor/Lighting/ProbeVolume/RenderingLayerMask/TraceRenderingLayerMask.urtshader using Guid(94a070d33e408384bafc1dea4a565df9) (ScriptedImporter)Launched and connected shader compiler UnityShaderCompiler.exe after 0.13 seconds

Compiling ray tracing shader "TraceRenderingLayerMask"
    1 variants, starting compilation...
    finished in 0.04 seconds. Local cache hits 1, remote cache hits 0, compiled 0 variants
 -> (artifact id: 'dd45fc831cc868ca152d6f83b5231d01') in 0.5768069 seconds
Start importing Packages/com.unity.rendering.light-transport/Tests/Editor/UnifiedRayTracing/TraceRaysAndFetchAttributes.urtshader using Guid(f5da308cb9cb0194e9bfae0b869c004e) (ScriptedImporter)
Compiling ray tracing shader "TraceRaysAndFetchAttributes"
    1 variants, starting compilation...
    finished in 0.00 seconds. Local cache hits 1, remote cache hits 0, compiled 0 variants
 -> (artifact id: '2ca71ff0e641086bfd1c9ef894730a69') in 0.0227397 seconds
Start importing Packages/com.unity.render-pipelines.core/Editor/Lighting/ProbeVolume/DynamicGI/DynamicGISkyOcclusion.urtshader using Guid(5a2a534753fbdb44e96c3c78b5a6999d) (ScriptedImporter)
Compiling ray tracing shader "DynamicGISkyOcclusion"
    1 variants, starting compilation...
    finished in 0.00 seconds. Local cache hits 1, remote cache hits 0, compiled 0 variants
 -> (artifact id: '154b32e9b9ac3a2fe8c8d47044355682') in 0.0355067 seconds
Start importing Packages/com.unity.rendering.light-transport/Tests/Editor/UnifiedRayTracing/TraceRays.urtshader using Guid(8e91b451db4e4ae4d99c55ce20a031f8) (ScriptedImporter)
Compiling ray tracing shader "TraceRays"
    1 variants, starting compilation...
    finished in 0.00 seconds. Local cache hits 1, remote cache hits 0, compiled 0 variants
 -> (artifact id: '21785827e099622a80c64f0907d7c925') in 0.0161625 seconds
Start importing Packages/com.unity.render-pipelines.core/Editor/Lighting/ProbeVolume/VirtualOffset/TraceVirtualOffset.urtshader using Guid(ff2cbab5da58bf04d82c5f34037ed123) (ScriptedImporter)
Compiling ray tracing shader "TraceVirtualOffset"
    1 variants, starting compilation...
    finished in 0.03 seconds. Local cache hits 1, remote cache hits 0, compiled 0 variants
 -> (artifact id: 'a374af6b286d1dd367ab76750a7d49f1') in 0.0597813 seconds
Refreshing native plugins compatible for Editor in 7.56 ms, found 4 plugins.
Preloading 0 native plugins for Editor in 0.00 ms.
Asset Pipeline Refresh (id=bf5b39e61db7dde43a89c8a3e3090692): Total: 30.751 seconds - Initiated by InitialRefreshV2(ForceSynchronousImport)
	Summary:
		Imports: total=2046 (actual=0, local cache=2046, cache server=0)
		Asset DB Process Time: managed=5 ms, native=18318 ms
		Asset DB Callback time: managed=2837 ms, native=843 ms
		Scripting: domain reloads=1, domain reload time=5808 ms, compile time=2762 ms, other=175 ms
		Project Asset Count: scripts=2420, non-scripts=7834
		Asset File Changes: new=0, changed=1, moved=0, deleted=0
		Scan Filter Count: 0
	InvokeCustomDependenciesCallbacks: 0.002ms
	InvokePackagesCallback: 57.944ms
	ApplyChangesToAssetFolders: 1.892ms
	Scan: 699.579ms
	OnSourceAssetsModified: 1.632ms
	CategorizeAssetsWithTransientArtifact: 166.557ms
	ProcessAssetsWithTransientArtifactChanges: 276.107ms
	CategorizeAssets: 561.766ms
	ImportOutOfDateAssets: 16244.775ms (12708.030ms without children)
		ImportManagerImport: 743.934ms (4.034ms without children)
			ImportInProcess: 739.900ms
		CompileScripts: 2761.780ms
		ReloadNativeAssets: 0.112ms
		UnloadImportedAssets: 3.303ms
		ReloadImportedAssets: 0.147ms
		EnsureUptoDateAssetsAreRegisteredWithGuidPM: 7.308ms
		InitializingProgressBar: 0.015ms
		PostProcessAllAssetNotificationsAddChangedAssets: 0.004ms
		OnDemandSchedulerStart: 20.143ms
	PostProcessAllAssets: 3603.455ms
	Hotreload: 22.735ms
	GatherAllCurrentPrimaryArtifactRevisions: 0.005ms
	UnloadStreamsBegin: 4.618ms
	PersistCurrentRevisions: 14.014ms
	UnloadStreamsEnd: 0.003ms
	GenerateScriptTypeHashes: 12.741ms
	Untracked: 9096.370ms

Application.AssetDatabase Initial Refresh End
Scanning for USB devices : 5.411ms
Initializing Unity extensions:
[MODES] ModeService[none].Initialize
[MODES] ModeService[none].LoadModes
[MODES] Loading mode Default (0) for mode-current-id-Hegemonia Global
Unloading 55 Unused Serialized files (Serialized files now loaded: 0)
Unloading 8135 unused Assets / (1.9 MB). Loaded Objects now: 8550.
Memory consumption went from 252.2 MB to 250.4 MB.
Total: 22.139100 ms (FindLiveObjects: 1.824400 ms CreateObjectMapping: 1.724900 ms MarkObjects: 13.722000 ms  DeleteObjects: 4.865600 ms)

Unexpected error in Burst compilation: System.AggregateException: One or more errors occurred. (Unable to load the unmanaged library `C:\Users\Mathe\Desktop\Hegemonia-Mundial-main\Hegemonia-Mundial-main\Library\BurstCache\JIT\63ba55b7dfb4bef1b27547748b413832.dll`, error code 4551) ---> System.DllNotFoundException: Unable to load the unmanaged library `C:\Users\Mathe\Desktop\Hegemonia-Mundial-main\Hegemonia-Mundial-main\Library\BurstCache\JIT\63ba55b7dfb4bef1b27547748b413832.dll`, error code 4551
  at Burst.Backend.UnmanagedLibrary+WindowsUnmanagedLibrary.LoadLibrary (System.String name, System.Boolean addPlatformPrefix, System.Boolean addPlatformFileExtension, System.Boolean addArchitecturePostfix) [0x00050] in <6bd088a8b7574f338ace28e28d2aca30>:0 
  at Burst.Backend.UnmanagedLibrary.LoadLibrary (System.String name, System.Boolean addPlatformPrefix, System.Boolean addPlatformFileExtension, System.Boolean addArchitecturePostfix) [0x00020] in <6bd088a8b7574f338ace28e28d2aca30>:0 
  at Burst.Compiler.IL.Client.CompilerClient.OnLibraryCompiled (Burst.Compiler.IL.Server.CompilationMessage+Types+LibraryCompiledMessage e) [0x0020c] in <0d419d8c615649078f1224d9769fc6b4>:0 
  at Burst.Compiler.IL.Client.CompilerClient+<>c__DisplayClass59_0.<ScheduleCompilation>b__0 () [0x000f3] in <0d419d8c615649078f1224d9769fc6b4>:0 
  at Burst.Compiler.IL.Client.CompilerClient+<>c__DisplayClass59_0.<ScheduleCompilation>b__0 () [0x00224] in <0d419d8c615649078f1224d9769fc6b4>:0 
   --- End of inner exception stack trace ---
---> (Inner Exception #0) System.DllNotFoundException: Unable to load the unmanaged library `C:\Users\Mathe\Desktop\Hegemonia-Mundial-main\Hegemonia-Mundial-main\Library\BurstCache\JIT\63ba55b7dfb4bef1b27547748b413832.dll`, error code 4551
  at Burst.Backend.UnmanagedLibrary+WindowsUnmanagedLibrary.LoadLibrary (System.String name, System.Boolean addPlatformPrefix, System.Boolean addPlatformFileExtension, System.Boolean addArchitecturePostfix) [0x00050] in <6bd088a8b7574f338ace28e28d2aca30>:0 
  at Burst.Backend.UnmanagedLibrary.LoadLibrary (System.String name, System.Boolean addPlatformPrefix, System.Boolean addPlatformFileExtension, System.Boolean addArchitecturePostfix) [0x00020] in <6bd088a8b7574f338ace28e28d2aca30>:0 
  at Burst.Compiler.IL.Client.CompilerClient.OnLibraryCompiled (Burst.Compiler.IL.Server.CompilationMessage+Types+LibraryCompiledMessage e) [0x0020c] in <0d419d8c615649078f1224d9769fc6b4>:0 
  at Burst.Compiler.IL.Client.CompilerClient+<>c__DisplayClass59_0.<ScheduleCompilation>b__0 () [0x000f3] in <0d419d8c615649078f1224d9769fc6b4>:0 
  at Burst.Compiler.IL.Client.CompilerClient+<>c__DisplayClass59_0.<ScheduleCompilation>b__0 () [0x00224] in <0d419d8c615649078f1224d9769fc6b4>:0 <---
Microsoft Media Foundation video decoding to texture disabled: graphics device is Null, only Direct3D 11 and Direct3D 12 (only on desktop) are supported for hardware-accelerated video decoding.
[Project] Loading completed in 37.318 seconds
	Project init time: 				34.937 seconds
		Template init time: 		0.000 seconds
		Package Manager init time: 		0.640 seconds
		Asset Database init time: 		0.842 seconds
		Global illumination init time: 	0.003 seconds
		Assemblies load time: 			1.522 seconds
		Unity extensions init time: 	0.019 seconds
		Asset Database refresh time: 	30.752 seconds
	Scene opening time: 			2.168 seconds
##utp:{"type":"ProjectInfo","version":2,"phase":"Immediate","time":1784155901620,"processId":3216,"projectLoad":37.3176314,"projectInit":34.9369588,"templateInit":0.0,"packageManagerInit":0.6401997,"assetDatabaseInit":0.8419865,"globalIlluminationInit":0.0033928,"assembliesLoad":1.5219941,"unityExtensionsInit":0.0194256,"assetDatabaseRefresh":30.7518309,"sceneOpening":2.1684392}
##utp:{"type":"EditorInfo","version":2,"phase":"Immediate","time":1784155901621,"processId":3216,"editorVersion":"6000.2.15f1 (0707b6d1e918)","branch":"6000.2/staging","buildType":"Release","platform":"Windows"}
Asset Pipeline Refresh (id=806c53741127489499cff5dbf6c9587a): Total: 0.302 seconds - Initiated by RefreshV2(NoUpdateAssetOptions)
	Summary:
		Imports: total=0 (actual=0, local cache=0, cache server=0)
		Asset DB Process Time: managed=0 ms, native=302 ms
		Asset DB Callback time: managed=0 ms, native=0 ms
		Scripting: domain reloads=0, domain reload time=0 ms, compile time=0 ms, other=0 ms
		Project Asset Count: scripts=2420, non-scripts=7834
		Asset File Changes: new=0, changed=0, moved=0, deleted=0
		Scan Filter Count: 0
	InvokeCustomDependenciesCallbacks: 0.001ms
	InvokePackagesCallback: 0.003ms
	ApplyChangesToAssetFolders: 0.512ms
	Scan: 0.003ms
	OnSourceAssetsModified: 0.002ms
	CategorizeAssetsWithTransientArtifact: 0.010ms
	ProcessAssetsWithTransientArtifactChanges: 0.576ms
	CategorizeAssets: 140.248ms
	ImportOutOfDateAssets: 2.967ms (0.736ms without children)
		ReloadNativeAssets: 0.040ms
		UnloadImportedAssets: 0.002ms
		EnsureUptoDateAssetsAreRegisteredWithGuidPM: 1.406ms
		InitializingProgressBar: 0.001ms
		PostProcessAllAssetNotificationsAddChangedAssets: 0.002ms
		OnDemandSchedulerStart: 0.781ms
	GatherAllCurrentPrimaryArtifactRevisions: 1.007ms
	UnloadStreamsBegin: 2.948ms
	PersistCurrentRevisions: 0.380ms
	UnloadStreamsEnd: 0.002ms
	Untracked: 153.368ms

Shader 'WFX/Transparent Specular': fallback shader 'Particles/Alpha Blended' not found
Shader Hidden/ProbeVolume/VoxelizeScene is not supported: GPU does not support conservative rasterization
Shader 'WFX/Transparent Diffuse': fallback shader 'Particles/Alpha Blended' not found
Asset Pipeline Refresh (id=55fed819ce46ddd4b81cde511507f7da): Total: 0.140 seconds - Initiated by RefreshV2(NoUpdateAssetOptions)
[MissingScriptLocator] Nenhum script faltando encontrado nas cenas abertas.
UnityEngine.Debug:ExtractStackTraceNoAlloc (byte*,int,string)
UnityEngine.StackTraceUtility:ExtractStackTrace ()
UnityEngine.DebugLogHandler:Internal_Log (UnityEngine.LogType,UnityEngine.LogOption,string,UnityEngine.Object)
UnityEngine.DebugLogHandler:LogFormat (UnityEngine.LogType,UnityEngine.Object,string,object[])
UnityEngine.Logger:Log (UnityEngine.LogType,object)
UnityEngine.Debug:Log (object)
MissingScriptLocator:ScanOpenScenes () (at Assets/scripts/Editor/MissingScriptLocator.cs:46)
UnityEditor.EditorApplication:Internal_CallDelayFunctions ()

(Filename: Assets/scripts/Editor/MissingScriptLocator.cs Line: 46)

[UnityConnectServicesConfig] config is NOT valid, switching to default
Created GICache directory at C:/Users/Mathe/AppData/LocalLow/Unity/Caches/GiCache. Took: 0.039s, timestamps: [37.343 - 37.383]
Unloading 6 Unused Serialized files (Serialized files now loaded: 0)
Unloading 25 unused Assets / (6.5 KB). Loaded Objects now: 8586.
Memory consumption went from 230.1 MB to 230.1 MB.
Total: 14.436000 ms (FindLiveObjects: 0.374000 ms CreateObjectMapping: 0.219900 ms MarkObjects: 13.730800 ms  DeleteObjects: 0.110000 ms)

Start importing ProjectSettings/EditorBuildSettings.asset using Guid(0000000000000000b000000000000000) (LibraryAssetImporter) -> (artifact id: 'b945b7e3215b3e32e97f498229f6fc75') in 0.0051089 seconds
Refreshing native plugins compatible for Editor in 3.74 ms, found 4 plugins.
Preloading 0 native plugins for Editor in 0.00 ms.
Asset Pipeline Refresh (id=4779cb6cf13e4fb4fa260ecf513ff05b): Total: 0.406 seconds - Initiated by StopAssetImportingV2(NoUpdateAssetOptions)
	Summary:
		Imports: total=1 (actual=1, local cache=0, cache server=0)
		Asset DB Process Time: managed=0 ms, native=247 ms
		Asset DB Callback time: managed=145 ms, native=11 ms
		Scripting: domain reloads=0, domain reload time=0 ms, compile time=0 ms, other=0 ms
		Project Asset Count: scripts=2420, non-scripts=7834
		Asset File Changes: new=0, changed=0, moved=0, deleted=0
		Scan Filter Count: 1
	InvokeCustomDependenciesCallbacks: 0.001ms
	InvokePackagesCallback: 0.000ms
	ApplyChangesToAssetFolders: 0.181ms
	Scan: 220.398ms
	OnSourceAssetsModified: 0.001ms
	CategorizeAssetsWithTransientArtifact: 0.036ms
	ProcessAssetsWithTransientArtifactChanges: 0.192ms
	CategorizeAssets: 7.659ms
	ImportOutOfDateAssets: 13.294ms (0.827ms without children)
		ImportManagerImport: 9.078ms (0.567ms without children)
			ImportInProcess: 8.474ms
			UpdateCategorizedAssets: 0.038ms
		ReloadNativeAssets: 0.042ms
		UnloadImportedAssets: 0.411ms
		ReloadImportedAssets: 0.000ms
		EnsureUptoDateAssetsAreRegisteredWithGuidPM: 2.122ms
		InitializingProgressBar: 0.001ms
		PostProcessAllAssetNotificationsAddChangedAssets: 0.002ms
		OnDemandSchedulerStart: 0.811ms
	PostProcessAllAssets: 152.880ms
	Hotreload: 4.590ms
	GatherAllCurrentPrimaryArtifactRevisions: 0.510ms
	UnloadStreamsBegin: 0.003ms
	PersistCurrentRevisions: 0.628ms
	UnloadStreamsEnd: 0.006ms
	Untracked: 5.279ms

Start importing Assets/InitTestScene7f269c8f-c3ac-41bd-b79f-9e3ee3a1849e.unity using Guid(7ed56fc1a71f2f64c98215b8742b79d7) (DefaultImporter) -> (artifact id: '8ed4186dc171c218e21032d3e69016a7') in 0.0020199 seconds
Refreshing native plugins compatible for Editor in 3.84 ms, found 4 plugins.
Preloading 0 native plugins for Editor in 0.00 ms.
Asset Pipeline Refresh (id=03c4a47466f58804fa1c5c0d6a03c5c9): Total: 0.486 seconds - Initiated by StopAssetImportingV2(NoUpdateAssetOptions)
	Summary:
		Imports: total=1 (actual=1, local cache=0, cache server=0)
		Asset DB Process Time: managed=0 ms, native=230 ms
		Asset DB Callback time: managed=250 ms, native=5 ms
		Scripting: domain reloads=0, domain reload time=0 ms, compile time=0 ms, other=0 ms
		Project Asset Count: scripts=2420, non-scripts=7835
		Asset File Changes: new=1, changed=1, moved=0, deleted=0
		Scan Filter Count: 2
	InvokeCustomDependenciesCallbacks: 0.001ms
	InvokePackagesCallback: 0.000ms
	ApplyChangesToAssetFolders: 0.216ms
	Scan: 105.819ms
	OnSourceAssetsModified: 1.185ms
	CategorizeAssetsWithTransientArtifact: 0.025ms
	ProcessAssetsWithTransientArtifactChanges: 0.141ms
	CategorizeAssets: 32.305ms
	ImportOutOfDateAssets: 83.832ms (1.814ms without children)
		ImportManagerImport: 78.032ms (1.225ms without children)
			ImportInProcess: 76.760ms
			UpdateCategorizedAssets: 0.046ms
		ReloadNativeAssets: 0.056ms
		UnloadImportedAssets: 0.633ms
		ReloadImportedAssets: 0.001ms
		EnsureUptoDateAssetsAreRegisteredWithGuidPM: 2.404ms
		InitializingProgressBar: 0.011ms
		PostProcessAllAssetNotificationsAddChangedAssets: 0.002ms
		OnDemandSchedulerStart: 0.881ms
	PostProcessAllAssets: 249.470ms
	Hotreload: 5.003ms
	GatherAllCurrentPrimaryArtifactRevisions: 0.700ms
	UnloadStreamsBegin: 0.023ms
	PersistCurrentRevisions: 0.629ms
	UnloadStreamsEnd: 0.097ms
	Untracked: 7.033ms

Executing IPrebuildSetup for: Unity.PerformanceTesting.Editor.TestRunBuilder.
UnityEngine.Debug:ExtractStackTraceNoAlloc (byte*,int,string)
UnityEngine.StackTraceUtility:ExtractStackTrace ()
UnityEngine.DebugLogHandler:Internal_Log (UnityEngine.LogType,UnityEngine.LogOption,string,UnityEngine.Object)
UnityEngine.DebugLogHandler:LogFormat (UnityEngine.LogType,UnityEngine.Object,string,object[])
UnityEngine.Logger:Log (UnityEngine.LogType,object)
UnityEngine.Debug:Log (object)
UnityEditor.TestTools.TestRunner.TestRun.Tasks.BuildActionTaskBase`1/<ExecuteMethods>d__8<UnityEngine.TestTools.IPrebuildSetup>:MoveNext () (at ./Library/PackageCache/com.unity.test-framework@40e262928427/UnityEditor.TestRunner/TestRun/Tasks/BuildActionTaskBase.cs:48)
UnityEditor.TestTools.TestRunner.TestRun.Tasks.BuildActionTaskBase`1/<Execute>d__7<UnityEngine.TestTools.IPrebuildSetup>:MoveNext () (at ./Library/PackageCache/com.unity.test-framework@40e262928427/UnityEditor.TestRunner/TestRun/Tasks/BuildActionTaskBase.cs:34)
UnityEditor.TestTools.TestRunner.TestRun.TestJobRunner:ExecuteStep () (at ./Library/PackageCache/com.unity.test-framework@40e262928427/UnityEditor.TestRunner/TestRun/TestJobRunner.cs:173)
UnityEditor.TestTools.TestRunner.TestRun.TestJobRunner:ExecuteCallback () (at ./Library/PackageCache/com.unity.test-framework@40e262928427/UnityEditor.TestRunner/TestRun/TestJobRunner.cs:108)
UnityEditor.EditorApplication:Internal_CallUpdateFunctions ()

(Filename: ./Library/PackageCache/com.unity.test-framework@40e262928427/UnityEditor.TestRunner/TestRun/Tasks/BuildActionTaskBase.cs Line: 48)

Reloading assemblies for play mode.
Reloading assemblies after forced synchronous recompile.
Begin MonoManager ReloadAssembly
- Loaded All Assemblies, in  1.977 seconds
Refreshing native plugins compatible for Editor in 4.86 ms, found 4 plugins.
Native extension for WindowsStandalone target not found
Assembly reference Packages/com.unity.cinemachine/Editor/Samples/ExposeHDRPInternals/HDRP-Editor-ref.asmref has no target assembly definition
Mono: successfully reloaded assembly
- Finished resetting the current domain, in  2.757 seconds
Domain Reload Profiling: 4730ms
	BeginReloadAssembly (1094ms)
		ExecutionOrderSort (0ms)
		DisableScriptedObjects (164ms)
		BackupInstance (0ms)
		ReleaseScriptingObjects (0ms)
		CreateAndSetChildDomain (507ms)
	RebuildCommonClasses (93ms)
	RebuildNativeTypeToScriptingClass (31ms)
	initialDomainReloadingComplete (64ms)
	LoadAllAssembliesAndSetupDomain (691ms)
		LoadAssemblies (369ms)
		RebuildTransferFunctionScriptingTraits (0ms)
		AnalyzeDomain (530ms)
			TypeCache.Refresh (18ms)
				TypeCache.ScanAssembly (0ms)
			BuildScriptInfoCaches (469ms)
			ResolveRequiredComponents (32ms)
	FinalizeReload (2758ms)
		ReleaseScriptCaches (0ms)
		RebuildScriptCaches (0ms)
		SetupLoadedEditorAssemblies (1999ms)
			LogAssemblyErrors (0ms)
			InitializePlatformSupportModulesInManaged (45ms)
			SetLoadedEditorAssemblies (8ms)
			BeforeProcessingInitializeOnLoad (306ms)
			ProcessInitializeOnLoadAttributes (1376ms)
			ProcessInitializeOnLoadMethodAttributes (251ms)
			AfterProcessingInitializeOnLoad (12ms)
			EditorAssembliesLoaded (1ms)
		ExecutionOrderSort2 (0ms)
		AwakeInstancesAfterBackupRestoration (45ms)
Asset Pipeline Refresh (id=c53c016a3bc11b9468629545ea73ce07): Total: 5.122 seconds - Initiated by StopAssetImportingV2(ForceSynchronousImport | ForceDomainReload)
	Summary:
		Imports: total=0 (actual=0, local cache=0, cache server=0)
		Asset DB Process Time: managed=0 ms, native=3059 ms
		Asset DB Callback time: managed=41 ms, native=0 ms
		Scripting: domain reloads=1, domain reload time=2017 ms, compile time=2 ms, other=0 ms
		Project Asset Count: scripts=2420, non-scripts=7835
		Asset File Changes: new=0, changed=0, moved=0, deleted=0
		Scan Filter Count: 0
	InvokeCustomDependenciesCallbacks: 0.001ms
	InvokePackagesCallback: 3.699ms
	ApplyChangesToAssetFolders: 0.565ms
	Scan: 0.002ms
	OnSourceAssetsModified: 0.004ms
	CategorizeAssetsWithTransientArtifact: 0.010ms
	ProcessAssetsWithTransientArtifactChanges: 10.101ms
	CategorizeAssets: 180.517ms
	ImportOutOfDateAssets: 2775.548ms (2743.653ms without children)
		CompileScripts: 2.242ms
		CollectScriptTypesHashes: 24.287ms
		ReloadNativeAssets: 1.259ms
		UnloadImportedAssets: 0.525ms
		EnsureUptoDateAssetsAreRegisteredWithGuidPM: 2.810ms
		InitializingProgressBar: 0.001ms
		PostProcessAllAssetNotificationsAddChangedAssets: 0.001ms
		OnDemandSchedulerStart: 0.771ms
	PostProcessAllAssets: 41.952ms
	GatherAllCurrentPrimaryArtifactRevisions: 0.513ms
	UnloadStreamsBegin: 0.121ms
	PersistCurrentRevisions: 0.373ms
	UnloadStreamsEnd: 0.002ms
	GenerateScriptTypeHashes: 12.303ms
	Untracked: 2108.784ms

The referenced script (Unknown) on this Behaviour is missing!
Unloading 237 Unused Serialized files (Serialized files now loaded: 0)
[MenuConstrucao] Instancia ausente na cena. Criado bootstrap automatico.
UnityEngine.Debug:ExtractStackTraceNoAlloc (byte*,int,string)
UnityEngine.StackTraceUtility:ExtractStackTrace ()
UnityEngine.DebugLogHandler:Internal_Log (UnityEngine.LogType,UnityEngine.LogOption,string,UnityEngine.Object)
UnityEngine.DebugLogHandler:LogFormat (UnityEngine.LogType,UnityEngine.Object,string,object[])
UnityEngine.Logger:Log (UnityEngine.LogType,object)
UnityEngine.Debug:Log (object)
MenuConstrucao:GarantirInstanciaRuntime () (at Assets/scripts/Menus/MenuConstrucao.cs:98)

(Filename: Assets/scripts/Menus/MenuConstrucao.cs Line: 98)

Loaded scene 'Temp/__Backupscenes/0.backup'
	Deserialize:            110.696 ms
	Integration:            3782.537 ms
	Integration of assets:  0.056 ms
	Thread Wait Time:       -0.031 ms
	Total Operation Time:   3893.258 ms
UnloadTime: 130.414400 ms
Loaded scene 'Assets/_Recovery/Menu/Menu cena.unity'
	Deserialize:            2158.838 ms
	Integration:            1591.317 ms
	Integration of assets:  0.577 ms
	Thread Wait Time:       1565.217 ms
	Total Operation Time:   5315.949 ms
Unloading 1575 unused Assets / (1.2 MB). Loaded Objects now: 11996.
Memory consumption went from 425.0 MB to 423.8 MB.
Total: 141.421100 ms (FindLiveObjects: 1.495200 ms CreateObjectMapping: 1.246000 ms MarkObjects: 12.613500 ms  DeleteObjects: 126.065300 ms)

[SistemaIndustrial] Perfil geológico gerado para team 1: Ferro=Abundante Cobre=Alto Bauxita=Baixo Titânio=Medio Urânio=MuitoEscasso Mod=1,25
UnityEngine.Debug:ExtractStackTraceNoAlloc (byte*,int,string)
UnityEngine.StackTraceUtility:ExtractStackTrace ()
UnityEngine.DebugLogHandler:Internal_Log (UnityEngine.LogType,UnityEngine.LogOption,string,UnityEngine.Object)
UnityEngine.DebugLogHandler:LogFormat (UnityEngine.LogType,UnityEngine.Object,string,object[])
UnityEngine.Logger:Log (UnityEngine.LogType,object)
UnityEngine.Debug:Log (object)
PerfilMineralPais:GerarPerfil (int) (at Assets/scripts/Governo/PerfilMineralPais.cs:170)
SistemaIndustrialNacional:GarantirPerfil (int) (at Assets/scripts/Governo/SistemaIndustrialNacional.cs:188)
SistemaIndustrialNacional:GarantirPaisExistentes () (at Assets/scripts/Governo/SistemaIndustrialNacional.cs:177)
SistemaIndustrialNacional:Awake () (at Assets/scripts/Governo/SistemaIndustrialNacional.cs:91)
UnityEngine.GameObject:Internal_AddComponentWithType (System.Type)
UnityEngine.GameObject:AddComponent (System.Type)
UnityEngine.GameObject:AddComponent<SistemaIndustrialNacional> ()
SistemaGovernoMundial:GarantirSistemaIndustrial () (at Assets/scripts/Governo/SistemaGovernoMundial.cs:1935)
SistemaGovernoMundial:Awake () (at Assets/scripts/Governo/SistemaGovernoMundial.cs:65)
UnityEngine.GameObject:Internal_AddComponentWithType (System.Type)
UnityEngine.GameObject:AddComponent (System.Type)
UnityEngine.GameObject:AddComponent<SistemaGovernoMundial> ()
SistemaGovernoMundial:GarantirInstancia () (at Assets/scripts/Governo/SistemaGovernoMundial.cs:48)
Hegemonia.AI.Sovereign.AISovereignBootstrapper:Update () (at Assets/scripts/IA/Sovereign/AISovereignBootstrapper.cs:33)

(Filename: Assets/scripts/Governo/PerfilMineralPais.cs Line: 170)

[SistemaIndustrial] Perfil geológico gerado para team 2: Ferro=Medio Cobre=Escasso Bauxita=Alto Titânio=Alto Urânio=MuitoEscasso Mod=1,16
UnityEngine.Debug:ExtractStackTraceNoAlloc (byte*,int,string)
UnityEngine.StackTraceUtility:ExtractStackTrace ()
UnityEngine.DebugLogHandler:Internal_Log (UnityEngine.LogType,UnityEngine.LogOption,string,UnityEngine.Object)
UnityEngine.DebugLogHandler:LogFormat (UnityEngine.LogType,UnityEngine.Object,string,object[])
UnityEngine.Logger:Log (UnityEngine.LogType,object)
UnityEngine.Debug:Log (object)
PerfilMineralPais:GerarPerfil (int) (at Assets/scripts/Governo/PerfilMineralPais.cs:170)
SistemaIndustrialNacional:GarantirPerfil (int) (at Assets/scripts/Governo/SistemaIndustrialNacional.cs:188)
SistemaIndustrialNacional:GarantirPaisExistentes () (at Assets/scripts/Governo/SistemaIndustrialNacional.cs:177)
SistemaIndustrialNacional:Awake () (at Assets/scripts/Governo/SistemaIndustrialNacional.cs:91)
UnityEngine.GameObject:Internal_AddComponentWithType (System.Type)
UnityEngine.GameObject:AddComponent (System.Type)
UnityEngine.GameObject:AddComponent<SistemaIndustrialNacional> ()
SistemaGovernoMundial:GarantirSistemaIndustrial () (at Assets/scripts/Governo/SistemaGovernoMundial.cs:1935)
SistemaGovernoMundial:Awake () (at Assets/scripts/Governo/SistemaGovernoMundial.cs:65)
UnityEngine.GameObject:Internal_AddComponentWithType (System.Type)
UnityEngine.GameObject:AddComponent (System.Type)
UnityEngine.GameObject:AddComponent<SistemaGovernoMundial> ()
SistemaGovernoMundial:GarantirInstancia () (at Assets/scripts/Governo/SistemaGovernoMundial.cs:48)
Hegemonia.AI.Sovereign.AISovereignBootstrapper:Update () (at Assets/scripts/IA/Sovereign/AISovereignBootstrapper.cs:33)

(Filename: Assets/scripts/Governo/PerfilMineralPais.cs Line: 170)

[SistemaIndustrial] Perfil geológico gerado para team 3: Ferro=Medio Cobre=Baixo Bauxita=Alto Titânio=Alto Urânio=MuitoEscasso Mod=1,25
UnityEngine.Debug:ExtractStackTraceNoAlloc (byte*,int,string)
UnityEngine.StackTraceUtility:ExtractStackTrace ()
UnityEngine.DebugLogHandler:Internal_Log (UnityEngine.LogType,UnityEngine.LogOption,string,UnityEngine.Object)
UnityEngine.DebugLogHandler:LogFormat (UnityEngine.LogType,UnityEngine.Object,string,object[])
UnityEngine.Logger:Log (UnityEngine.LogType,object)
UnityEngine.Debug:Log (object)
PerfilMineralPais:GerarPerfil (int) (at Assets/scripts/Governo/PerfilMineralPais.cs:170)
SistemaIndustrialNacional:GarantirPerfil (int) (at Assets/scripts/Governo/SistemaIndustrialNacional.cs:188)
SistemaIndustrialNacional:GarantirPaisExistentes () (at Assets/scripts/Governo/SistemaIndustrialNacional.cs:177)
SistemaIndustrialNacional:Awake () (at Assets/scripts/Governo/SistemaIndustrialNacional.cs:91)
UnityEngine.GameObject:Internal_AddComponentWithType (System.Type)
UnityEngine.GameObject:AddComponent (System.Type)
UnityEngine.GameObject:AddComponent<SistemaIndustrialNacional> ()
SistemaGovernoMundial:GarantirSistemaIndustrial () (at Assets/scripts/Governo/SistemaGovernoMundial.cs:1935)
SistemaGovernoMundial:Awake () (at Assets/scripts/Governo/SistemaGovernoMundial.cs:65)
UnityEngine.GameObject:Internal_AddComponentWithType (System.Type)
UnityEngine.GameObject:AddComponent (System.Type)
UnityEngine.GameObject:AddComponent<SistemaGovernoMundial> ()
SistemaGovernoMundial:GarantirInstancia () (at Assets/scripts/Governo/SistemaGovernoMundial.cs:48)
Hegemonia.AI.Sovereign.AISovereignBootstrapper:Update () (at Assets/scripts/IA/Sovereign/AISovereignBootstrapper.cs:33)

(Filename: Assets/scripts/Governo/PerfilMineralPais.cs Line: 170)

[SistemaIndustrial] Perfil geológico gerado para team 4: Ferro=Escasso Cobre=Abundante Bauxita=Abundante Titânio=Medio Urânio=Escasso Mod=1,25
UnityEngine.Debug:ExtractStackTraceNoAlloc (byte*,int,string)
UnityEngine.StackTraceUtility:ExtractStackTrace ()
UnityEngine.DebugLogHandler:Internal_Log (UnityEngine.LogType,UnityEngine.LogOption,string,UnityEngine.Object)
UnityEngine.DebugLogHandler:LogFormat (UnityEngine.LogType,UnityEngine.Object,string,object[])
UnityEngine.Logger:Log (UnityEngine.LogType,object)
UnityEngine.Debug:Log (object)
PerfilMineralPais:GerarPerfil (int) (at Assets/scripts/Governo/PerfilMineralPais.cs:170)
SistemaIndustrialNacional:GarantirPerfil (int) (at Assets/scripts/Governo/SistemaIndustrialNacional.cs:188)
SistemaIndustrialNacional:GarantirPaisExistentes () (at Assets/scripts/Governo/SistemaIndustrialNacional.cs:177)
SistemaIndustrialNacional:Awake () (at Assets/scripts/Governo/SistemaIndustrialNacional.cs:91)
UnityEngine.GameObject:Internal_AddComponentWithType (System.Type)
UnityEngine.GameObject:AddComponent (System.Type)
UnityEngine.GameObject:AddComponent<SistemaIndustrialNacional> ()
SistemaGovernoMundial:GarantirSistemaIndustrial () (at Assets/scripts/Governo/SistemaGovernoMundial.cs:1935)
SistemaGovernoMundial:Awake () (at Assets/scripts/Governo/SistemaGovernoMundial.cs:65)
UnityEngine.GameObject:Internal_AddComponentWithType (System.Type)
UnityEngine.GameObject:AddComponent (System.Type)
UnityEngine.GameObject:AddComponent<SistemaGovernoMundial> ()
SistemaGovernoMundial:GarantirInstancia () (at Assets/scripts/Governo/SistemaGovernoMundial.cs:48)
Hegemonia.AI.Sovereign.AISovereignBootstrapper:Update () (at Assets/scripts/IA/Sovereign/AISovereignBootstrapper.cs:33)

(Filename: Assets/scripts/Governo/PerfilMineralPais.cs Line: 170)

[SistemaIndustrial] Perfil geológico gerado para team 5: Ferro=Escasso Cobre=Medio Bauxita=Abundante Titânio=Abundante Urânio=Baixo Mod=1,15
UnityEngine.Debug:ExtractStackTraceNoAlloc (byte*,int,string)
UnityEngine.StackTraceUtility:ExtractStackTrace ()
UnityEngine.DebugLogHandler:Internal_Log (UnityEngine.LogType,UnityEngine.LogOption,string,UnityEngine.Object)
UnityEngine.DebugLogHandler:LogFormat (UnityEngine.LogType,UnityEngine.Object,string,object[])
UnityEngine.Logger:Log (UnityEngine.LogType,object)
UnityEngine.Debug:Log (object)
PerfilMineralPais:GerarPerfil (int) (at Assets/scripts/Governo/PerfilMineralPais.cs:170)
SistemaIndustrialNacional:GarantirPerfil (int) (at Assets/scripts/Governo/SistemaIndustrialNacional.cs:188)
SistemaIndustrialNacional:GarantirPaisExistentes () (at Assets/scripts/Governo/SistemaIndustrialNacional.cs:177)
SistemaIndustrialNacional:Awake () (at Assets/scripts/Governo/SistemaIndustrialNacional.cs:91)
UnityEngine.GameObject:Internal_AddComponentWithType (System.Type)
UnityEngine.GameObject:AddComponent (System.Type)
UnityEngine.GameObject:AddComponent<SistemaIndustrialNacional> ()
SistemaGovernoMundial:GarantirSistemaIndustrial () (at Assets/scripts/Governo/SistemaGovernoMundial.cs:1935)
SistemaGovernoMundial:Awake () (at Assets/scripts/Governo/SistemaGovernoMundial.cs:65)
UnityEngine.GameObject:Internal_AddComponentWithType (System.Type)
UnityEngine.GameObject:AddComponent (System.Type)
UnityEngine.GameObject:AddComponent<SistemaGovernoMundial> ()
SistemaGovernoMundial:GarantirInstancia () (at Assets/scripts/Governo/SistemaGovernoMundial.cs:48)
Hegemonia.AI.Sovereign.AISovereignBootstrapper:Update () (at Assets/scripts/IA/Sovereign/AISovereignBootstrapper.cs:33)

(Filename: Assets/scripts/Governo/PerfilMineralPais.cs Line: 170)

[MODES] ModeService[none].Initialize
[MODES] ModeService[none].LoadModes
[AuditoriaConteudo] Heliporto: prefab sem collider
UnityEngine.Debug:ExtractStackTraceNoAlloc (byte*,int,string)
UnityEngine.StackTraceUtility:ExtractStackTrace ()
UnityEngine.DebugLogHandler:Internal_Log (UnityEngine.LogType,UnityEngine.LogOption,string,UnityEngine.Object)
UnityEngine.DebugLogHandler:LogFormat (UnityEngine.LogType,UnityEngine.Object,string,object[])
UnityEngine.Logger:Log (UnityEngine.LogType,object,UnityEngine.Object)
UnityEngine.Debug:LogWarning (object,UnityEngine.Object)
AuditoriaConteudoJogo:Emitir (string,string,int&,int) (at Assets/scripts/AuditoriaConteudoJogo.cs:492)
AuditoriaConteudoJogo:AuditarFicha (DadosConstrucao,int&,int&,int&,int) (at Assets/scripts/AuditoriaConteudoJogo.cs:324)
AuditoriaConteudoJogo:RodarAuditoria () (at Assets/scripts/AuditoriaConteudoJogo.cs:173)
AuditoriaConteudoJogo/<RodarAuditoriaAtrasada>d__22:MoveNext () (at Assets/scripts/AuditoriaConteudoJogo.cs:148)
UnityEngine.SetupCoroutine:InvokeMoveNext (System.Collections.IEnumerator,intptr)

(Filename: Assets/scripts/AuditoriaConteudoJogo.cs Line: 492)

[AuditoriaConteudo] Heliporto: prefab sem SaveableEntity para save completo
UnityEngine.Debug:ExtractStackTraceNoAlloc (byte*,int,string)
UnityEngine.StackTraceUtility:ExtractStackTrace ()
UnityEngine.DebugLogHandler:Internal_Log (UnityEngine.LogType,UnityEngine.LogOption,string,UnityEngine.Object)
UnityEngine.DebugLogHandler:LogFormat (UnityEngine.LogType,UnityEngine.Object,string,object[])
UnityEngine.Logger:Log (UnityEngine.LogType,object,UnityEngine.Object)
UnityEngine.Debug:LogWarning (object,UnityEngine.Object)
AuditoriaConteudoJogo:Emitir (string,string,int&,int) (at Assets/scripts/AuditoriaConteudoJogo.cs:492)
AuditoriaConteudoJogo:AuditarFicha (DadosConstrucao,int&,int&,int&,int) (at Assets/scripts/AuditoriaConteudoJogo.cs:331)
AuditoriaConteudoJogo:RodarAuditoria () (at Assets/scripts/AuditoriaConteudoJogo.cs:173)
AuditoriaConteudoJogo/<RodarAuditoriaAtrasada>d__22:MoveNext () (at Assets/scripts/AuditoriaConteudoJogo.cs:148)
UnityEngine.SetupCoroutine:InvokeMoveNext (System.Collections.IEnumerator,intptr)

(Filename: Assets/scripts/AuditoriaConteudoJogo.cs Line: 492)

[AuditoriaConteudo] Heliporto: prefab sem SistemaDeDanos
UnityEngine.Debug:ExtractStackTraceNoAlloc (byte*,int,string)
UnityEngine.StackTraceUtility:ExtractStackTrace ()
UnityEngine.DebugLogHandler:Internal_Log (UnityEngine.LogType,UnityEngine.LogOption,string,UnityEngine.Object)
UnityEngine.DebugLogHandler:LogFormat (UnityEngine.LogType,UnityEngine.Object,string,object[])
UnityEngine.Logger:Log (UnityEngine.LogType,object,UnityEngine.Object)
UnityEngine.Debug:LogWarning (object,UnityEngine.Object)
AuditoriaConteudoJogo:Emitir (string,string,int&,int) (at Assets/scripts/AuditoriaConteudoJogo.cs:492)
AuditoriaConteudoJogo:AuditarFicha (DadosConstrucao,int&,int&,int&,int) (at Assets/scripts/AuditoriaConteudoJogo.cs:366)
AuditoriaConteudoJogo:RodarAuditoria () (at Assets/scripts/AuditoriaConteudoJogo.cs:173)
AuditoriaConteudoJogo/<RodarAuditoriaAtrasada>d__22:MoveNext () (at Assets/scripts/AuditoriaConteudoJogo.cs:148)
UnityEngine.SetupCoroutine:InvokeMoveNext (System.Collections.IEnumerator,intptr)

(Filename: Assets/scripts/AuditoriaConteudoJogo.cs Line: 492)

[AuditoriaConteudo] Gate de conteudo aprovado: fichas=2 erros=0 avisos=3 cena=Menu cena
UnityEngine.Debug:ExtractStackTraceNoAlloc (byte*,int,string)
UnityEngine.StackTraceUtility:ExtractStackTrace ()
UnityEngine.DebugLogHandler:Internal_Log (UnityEngine.LogType,UnityEngine.LogOption,string,UnityEngine.Object)
UnityEngine.DebugLogHandler:LogFormat (UnityEngine.LogType,UnityEngine.Object,string,object[])
UnityEngine.Logger:Log (UnityEngine.LogType,object,UnityEngine.Object)
UnityEngine.Debug:Log (object,UnityEngine.Object)
AuditoriaConteudoJogo:RodarAuditoria () (at Assets/scripts/AuditoriaConteudoJogo.cs:189)
AuditoriaConteudoJogo/<RodarAuditoriaAtrasada>d__22:MoveNext () (at Assets/scripts/AuditoriaConteudoJogo.cs:148)
UnityEngine.SetupCoroutine:InvokeMoveNext (System.Collections.IEnumerator,intptr)

(Filename: Assets/scripts/AuditoriaConteudoJogo.cs Line: 189)

TrimDiskCacheJob: Current cache size 0mb
